Archive member included to satisfy reference by file (symbol)

C:/ST/STM32CubeIDE_1.16.0/STM32CubeIDE/plugins/com.st.stm32cube.ide.mcu.externaltools.gnu-tools-for-stm32.12.3.rel1.win32_1.0.200.202406191623/tools/bin/../lib/gcc/arm-none-eabi/12.3.1/../../../../arm-none-eabi/lib/thumb/v7e-m+dp/hard\libc_nano.a(libc_a-exit.o)
                              C:/ST/STM32CubeIDE_1.16.0/STM32CubeIDE/plugins/com.st.stm32cube.ide.mcu.externaltools.gnu-tools-for-stm32.12.3.rel1.win32_1.0.200.202406191623/tools/bin/../lib/gcc/arm-none-eabi/12.3.1/../../../../arm-none-eabi/lib/thumb/v7e-m+dp/hard/crt0.o (exit)
C:/ST/STM32CubeIDE_1.16.0/STM32CubeIDE/plugins/com.st.stm32cube.ide.mcu.externaltools.gnu-tools-for-stm32.12.3.rel1.win32_1.0.200.202406191623/tools/bin/../lib/gcc/arm-none-eabi/12.3.1/../../../../arm-none-eabi/lib/thumb/v7e-m+dp/hard\libc_nano.a(libc_a-findfp.o)
                              C:/ST/STM32CubeIDE_1.16.0/STM32CubeIDE/plugins/com.st.stm32cube.ide.mcu.externaltools.gnu-tools-for-stm32.12.3.rel1.win32_1.0.200.202406191623/tools/bin/../lib/gcc/arm-none-eabi/12.3.1/../../../../arm-none-eabi/lib/thumb/v7e-m+dp/hard\libc_nano.a(libc_a-exit.o) (__stdio_exit_handler)
C:/ST/STM32CubeIDE_1.16.0/STM32CubeIDE/plugins/com.st.stm32cube.ide.mcu.externaltools.gnu-tools-for-stm32.12.3.rel1.win32_1.0.200.202406191623/tools/bin/../lib/gcc/arm-none-eabi/12.3.1/../../../../arm-none-eabi/lib/thumb/v7e-m+dp/hard\libc_nano.a(libc_a-fwalk.o)
                              C:/ST/STM32CubeIDE_1.16.0/STM32CubeIDE/plugins/com.st.stm32cube.ide.mcu.externaltools.gnu-tools-for-stm32.12.3.rel1.win32_1.0.200.202406191623/tools/bin/../lib/gcc/arm-none-eabi/12.3.1/../../../../arm-none-eabi/lib/thumb/v7e-m+dp/hard\libc_nano.a(libc_a-findfp.o) (_fwalk_sglue)
C:/ST/STM32CubeIDE_1.16.0/STM32CubeIDE/plugins/com.st.stm32cube.ide.mcu.externaltools.gnu-tools-for-stm32.12.3.rel1.win32_1.0.200.202406191623/tools/bin/../lib/gcc/arm-none-eabi/12.3.1/../../../../arm-none-eabi/lib/thumb/v7e-m+dp/hard\libc_nano.a(libc_a-sprintf.o)
                              ./Core/Src/modbus_crc.o (sprintf)
C:/ST/STM32CubeIDE_1.16.0/STM32CubeIDE/plugins/com.st.stm32cube.ide.mcu.externaltools.gnu-tools-for-stm32.12.3.rel1.win32_1.0.200.202406191623/tools/bin/../lib/gcc/arm-none-eabi/12.3.1/../../../../arm-none-eabi/lib/thumb/v7e-m+dp/hard\libc_nano.a(libc_a-stdio.o)
                              C:/ST/STM32CubeIDE_1.16.0/STM32CubeIDE/plugins/com.st.stm32cube.ide.mcu.externaltools.gnu-tools-for-stm32.12.3.rel1.win32_1.0.200.202406191623/tools/bin/../lib/gcc/arm-none-eabi/12.3.1/../../../../arm-none-eabi/lib/thumb/v7e-m+dp/hard\libc_nano.a(libc_a-findfp.o) (__sread)
C:/ST/STM32CubeIDE_1.16.0/STM32CubeIDE/plugins/com.st.stm32cube.ide.mcu.externaltools.gnu-tools-for-stm32.12.3.rel1.win32_1.0.200.202406191623/tools/bin/../lib/gcc/arm-none-eabi/12.3.1/../../../../arm-none-eabi/lib/thumb/v7e-m+dp/hard\libc_nano.a(libc_a-memset.o)
                              C:/ST/STM32CubeIDE_1.16.0/STM32CubeIDE/plugins/com.st.stm32cube.ide.mcu.externaltools.gnu-tools-for-stm32.12.3.rel1.win32_1.0.200.202406191623/tools/bin/../lib/gcc/arm-none-eabi/12.3.1/../../../../arm-none-eabi/lib/thumb/v7e-m+dp/hard/crt0.o (memset)
C:/ST/STM32CubeIDE_1.16.0/STM32CubeIDE/plugins/com.st.stm32cube.ide.mcu.externaltools.gnu-tools-for-stm32.12.3.rel1.win32_1.0.200.202406191623/tools/bin/../lib/gcc/arm-none-eabi/12.3.1/../../../../arm-none-eabi/lib/thumb/v7e-m+dp/hard\libc_nano.a(libc_a-closer.o)
                              C:/ST/STM32CubeIDE_1.16.0/STM32CubeIDE/plugins/com.st.stm32cube.ide.mcu.externaltools.gnu-tools-for-stm32.12.3.rel1.win32_1.0.200.202406191623/tools/bin/../lib/gcc/arm-none-eabi/12.3.1/../../../../arm-none-eabi/lib/thumb/v7e-m+dp/hard\libc_nano.a(libc_a-stdio.o) (_close_r)
C:/ST/STM32CubeIDE_1.16.0/STM32CubeIDE/plugins/com.st.stm32cube.ide.mcu.externaltools.gnu-tools-for-stm32.12.3.rel1.win32_1.0.200.202406191623/tools/bin/../lib/gcc/arm-none-eabi/12.3.1/../../../../arm-none-eabi/lib/thumb/v7e-m+dp/hard\libc_nano.a(libc_a-reent.o)
                              C:/ST/STM32CubeIDE_1.16.0/STM32CubeIDE/plugins/com.st.stm32cube.ide.mcu.externaltools.gnu-tools-for-stm32.12.3.rel1.win32_1.0.200.202406191623/tools/bin/../lib/gcc/arm-none-eabi/12.3.1/../../../../arm-none-eabi/lib/thumb/v7e-m+dp/hard\libc_nano.a(libc_a-closer.o) (errno)
C:/ST/STM32CubeIDE_1.16.0/STM32CubeIDE/plugins/com.st.stm32cube.ide.mcu.externaltools.gnu-tools-for-stm32.12.3.rel1.win32_1.0.200.202406191623/tools/bin/../lib/gcc/arm-none-eabi/12.3.1/../../../../arm-none-eabi/lib/thumb/v7e-m+dp/hard\libc_nano.a(libc_a-impure.o)
                              C:/ST/STM32CubeIDE_1.16.0/STM32CubeIDE/plugins/com.st.stm32cube.ide.mcu.externaltools.gnu-tools-for-stm32.12.3.rel1.win32_1.0.200.202406191623/tools/bin/../lib/gcc/arm-none-eabi/12.3.1/../../../../arm-none-eabi/lib/thumb/v7e-m+dp/hard\libc_nano.a(libc_a-sprintf.o) (_impure_ptr)
[...]
Memory Configuration

Name             Origin             Length             Attributes
FLASH            0x08000000         0x00200000         xr
DTCMRAM          0x20000000         0x00020000         xrw
RAM_D1           0x24000000         0x00080000         xrw
RAM_D2           0x30000000         0x00048000         xrw
RAM_D3           0x38000000         0x00010000         xrw
ITCMRAM          0x00000000         0x00010000         xrw
*default*        0x00000000         0xffffffff

Linker script and memory map

LOAD C:/ST/STM32CubeIDE_1.16.0/STM32CubeIDE/plugins/com.st.stm32cube.ide.mcu.externaltools.gnu-tools-for-stm32.12.3.rel1.win32_1.0.200.202406191623/tools/bin/../lib/gcc/arm-none-eabi/12.3.1/thumb/v7e-m+dp/hard/crti.o
LOAD C:/ST/STM32CubeIDE_1.16.0/STM32CubeIDE/plugins/com.st.stm32cube.ide.mcu.externaltools.gnu-tools-for-stm32.12.3.rel1.win32_1.0.200.202406191623/tools/bin/../lib/gcc/arm-none-eabi/12.3.1/thumb/v7e-m+dp/hard/crtbegin.o
LOAD C:/ST/STM32CubeIDE_1.16.0/STM32CubeIDE/plugins/com.st.stm32cube.ide.mcu.externaltools.gnu-tools-for-stm32.12.3.rel1.win32_1.0.200.202406191623/tools/bin/../lib/gcc/arm-none-eabi/12.3.1/../../../../arm-none-eabi/lib/thumb/v7e-m+dp/hard/crt0.o
LOAD ./Core/Src/freertos.o
LOAD ./Core/Src/main.o
LOAD ./Core/Src/modbus_crc.o
LOAD ./Core/Src/stm32h7xx_hal_msp.o
LOAD ./Core/Src/stm32h7xx_hal_timebase_tim.o
LOAD ./Core/Src/stm32h7xx_it.o
LOAD ./Core/Src/syscalls.o
LOAD ./Core/Src/sysmem.o
LOAD ./Core/Src/system_stm32h7xx.o
LOAD ./Core/Startup/startup_stm32h743zitx.o
LOAD ./Drivers/STM32H7xx_HAL_Driver/Src/stm32h7xx_hal.o
LOAD ./Drivers/STM32H7xx_HAL_Driver/Src/stm32h7xx_hal_cortex.o
LOAD ./Drivers/STM32H7xx_HAL_Driver/Src/stm32h7xx_hal_dma.o
LOAD ./Drivers/STM32H7xx_HAL_Driver/Src/stm32h7xx_hal_dma_ex.o
LOAD ./Drivers/STM32H7xx_HAL_Driver/Src/stm32h7xx_hal_exti.o
LOAD ./Drivers/STM32H7xx_HAL_Driver/Src/stm32h7xx_hal_flash.o
LOAD ./Drivers/STM32H7xx_HAL_Driver/Src/stm32h7xx_hal_flash_ex.o
LOAD ./Drivers/STM32H7xx_HAL_Driver/Src/stm32h7xx_hal_gpio.o
LOAD ./Drivers/STM32H7xx_HAL_Driver/Src/stm32h7xx_hal_hsem.o
LOAD ./Drivers/STM32H7xx_HAL_Driver/Src/stm32h7xx_hal_i2c.o
LOAD ./Drivers/STM32H7xx_HAL_Driver/Src/stm32h7xx_hal_i2c_ex.o
LOAD ./Drivers/STM32H7xx_HAL_Driver/Src/stm32h7xx_hal_mdma.o
LOAD ./Drivers/STM32H7xx_HAL_Driver/Src/stm32h7xx_hal_pwr.o
LOAD ./Drivers/STM32H7xx_HAL_Driver/Src/stm32h7xx_hal_pwr_ex.o
LOAD ./Drivers/STM32H7xx_HAL_Driver/Src/stm32h7xx_hal_rcc.o
LOAD ./Drivers/STM32H7xx_HAL_Driver/Src/stm32h7xx_hal_rcc_ex.o
LOAD ./Drivers/STM32H7xx_HAL_Driver/Src/stm32h7xx_hal_tim.o
LOAD ./Drivers/STM32H7xx_HAL_Driver/Src/stm32h7xx_hal_tim_ex.o
LOAD ./Drivers/STM32H7xx_HAL_Driver/Src/stm32h7xx_hal_uart.o
LOAD ./Drivers/STM32H7xx_HAL_Driver/Src/stm32h7xx_hal_uart_ex.o
LOAD ./Middlewares/Third_Party/FreeRTOS/Source/CMSIS_RTOS_V2/cmsis_os2.o
LOAD ./Middlewares/Third_Party/FreeRTOS/Source/croutine.o
LOAD ./Middlewares/Third_Party/FreeRTOS/Source/event_groups.o
LOAD ./Middlewares/Third_Party/FreeRTOS/Source/list.o
LOAD ./Middlewares/Third_Party/FreeRTOS/Source/queue.o
LOAD ./Middlewares/Third_Party/FreeRTOS/Source/stream_buffer.o
LOAD ./Middlewares/Third_Party/FreeRTOS/Source/tasks.o
LOAD ./Middlewares/Third_Party/FreeRTOS/Source/timers.o
LOAD ./Middlewares/Third_Party/FreeRTOS/Source/portable/GCC/ARM_CM4F/port.o
LOAD ./Middlewares/Third_Party/FreeRTOS/Source/portable/MemMang/heap_4.o
START GROUP
LOAD C:/ST/STM32CubeIDE_1.16.0/STM32CubeIDE/plugins/com.st.stm32cube.ide.mcu.externaltools.gnu-tools-for-stm32.12.3.rel1.win32_1.0.200.202406191623/tools/bin/../lib/gcc/arm-none-eabi/12.3.1/../../../../arm-none-eabi/lib/thumb/v7e-m+dp/hard\libstdc++_nano.a
LOAD C:/ST/STM32CubeIDE_1.16.0/STM32CubeIDE/plugins/com.st.stm32cube.ide.mcu.externaltools.gnu-tools-for-stm32.12.3.rel1.win32_1.0.200.202406191623/tools/bin/../lib/gcc/arm-none-eabi/12.3.1/../../../../arm-none-eabi/lib/thumb/v7e-m+dp/hard\libsupc++_nano.a
END GROUP
LOAD C:/ST/STM32CubeIDE_1.16.0/STM32CubeIDE/plugins/com.st.stm32cube.ide.mcu.externaltools.gnu-tools-for-stm32.12.3.rel1.win32_1.0.200.202406191623/tools/bin/../lib/gcc/arm-none-eabi/12.3.1/../../../../arm-none-eabi/lib/thumb/v7e-m+dp/hard\libstdc++_nano.a
LOAD C:/ST/STM32CubeIDE_1.16.0/STM32CubeIDE/plugins/com.st.stm32cube.ide.mcu.externaltools.gnu-tools-for-stm32.12.3.rel1.win32_1.0.200.202406191623/tools/bin/../lib/gcc/arm-none-eabi/12.3.1/../../../../arm-none-eabi/lib/thumb/v7e-m+dp/hard\libm.a
LOAD C:/ST/STM32CubeIDE_1.16.0/STM32CubeIDE/plugins/com.st.stm32cube.ide.mcu.externaltools.gnu-tools-for-stm32.12.3.rel1.win32_1.0.200.202406191623/tools/bin/../lib/gcc/arm-none-eabi/12.3.1/../../../../arm-none-eabi/lib/thumb/v7e-m+dp/hard\libc_nano.a
START GROUP
LOAD C:/ST/STM32CubeIDE_1.16.0/STM32CubeIDE/plugins/com.st.stm32cube.ide.mcu.externaltools.gnu-tools-for-stm32.12.3.rel1.win32_1.0.200.202406191623/tools/bin/../lib/gcc/arm-none-eabi/12.3.1/thumb/v7e-m+dp/hard\libgcc.a
LOAD C:/ST/STM32CubeIDE_1.16.0/STM32CubeIDE/plugins/com.st.stm32cube.ide.mcu.externaltools.gnu-tools-for-stm32.12.3.rel1.win32_1.0.200.202406191623/tools/bin/../lib/gcc/arm-none-eabi/12.3.1/../../../../arm-none-eabi/lib/thumb/v7e-m+dp/hard\libc_nano.a
END GROUP
START GROUP
LOAD C:/ST/STM32CubeIDE_1.16.0/STM32CubeIDE/plugins/com.st.stm32cube.ide.mcu.externaltools.gnu-tools-for-stm32.12.3.rel1.win32_1.0.200.202406191623/tools/bin/../lib/gcc/arm-none-eabi/12.3.1/thumb/v7e-m+dp/hard\libgcc.a
LOAD C:/ST/STM32CubeIDE_1.16.0/STM32CubeIDE/plugins/com.st.stm32cube.ide.mcu.externaltools.gnu-tools-for-stm32.12.3.rel1.win32_1.0.200.202406191623/tools/bin/../lib/gcc/arm-none-eabi/12.3.1/../../../../arm-none-eabi/lib/thumb/v7e-m+dp/hard\libc_nano.a
LOAD C:/ST/STM32CubeIDE_1.16.0/STM32CubeIDE/plugins/com.st.stm32cube.ide.mcu.externaltools.gnu-tools-for-stm32.12.3.rel1.win32_1.0.200.202406191623/tools/bin/../lib/gcc/arm-none-eabi/12.3.1/../../../../arm-none-eabi/lib/thumb/v7e-m+dp/hard\libnosys.a
END GROUP
START GROUP
LOAD C:/ST/STM32CubeIDE_1.16.0/STM32CubeIDE/plugins/com.st.stm32cube.ide.mcu.externaltools.gnu-tools-for-stm32.12.3.rel1.win32_1.0.200.202406191623/tools/bin/../lib/gcc/arm-none-eabi/12.3.1/thumb/v7e-m+dp/hard\libgcc.a
LOAD C:/ST/STM32CubeIDE_1.16.0/STM32CubeIDE/plugins/com.st.stm32cube.ide.mcu.externaltools.gnu-tools-for-stm32.12.3.rel1.win32_1.0.200.202406191623/tools/bin/../lib/gcc/arm-none-eabi/12.3.1/../../../../arm-none-eabi/lib/thumb/v7e-m+dp/hard\libc_nano.a
LOAD C:/ST/STM32CubeIDE_1.16.0/STM32CubeIDE/plugins/com.st.stm32cube.ide.mcu.externaltools.gnu-tools-for-stm32.12.3.rel1.win32_1.0.200.202406191623/tools/bin/../lib/gcc/arm-none-eabi/12.3.1/../../../../arm-none-eabi/lib/thumb/v7e-m+dp/hard\libnosys.a
END GROUP
LOAD C:/ST/STM32CubeIDE_1.16.0/STM32CubeIDE/plugins/com.st.stm32cube.ide.mcu.externaltools.gnu-tools-for-stm32.12.3.rel1.win32_1.0.200.202406191623/tools/bin/../lib/gcc/arm-none-eabi/12.3.1/thumb/v7e-m+dp/hard/crtend.o
LOAD C:/ST/STM32CubeIDE_1.16.0/STM32CubeIDE/plugins/com.st.stm32cube.ide.mcu.externaltools.gnu-tools-for-stm32.12.3.rel1.win32_1.0.200.202406191623/tools/bin/../lib/gcc/arm-none-eabi/12.3.1/thumb/v7e-m+dp/hard/crtn.o
                0x24080000                        _estack = (ORIGIN (RAM_D1) + LENGTH (RAM_D1))
                0x00000200                        _Min_Heap_Size = 0x200
                0x00000400                        _Min_Stack_Size = 0x400

.isr_vector     0x08000000      0x298
                0x08000000                        . = ALIGN (0x4)
 *(.isr_vector)
 .isr_vector    0x08000000      0x298 ./Core/Startup/startup_stm32h743zitx.o
                0x08000000                g_pfnVectors
                0x08000298                        . = ALIGN (0x4)

.text           0x080002a0     0xaf74
                0x080002a0                        . = ALIGN (0x4)
 *(.text)
 .text          0x080002a0       0x40 C:/ST/STM32CubeIDE_1.16.0/STM32CubeIDE/plugins/com.st.stm32cube.ide.mcu.externaltools.gnu-tools-for-stm32.12.3.rel1.win32_1.0.200.202406191623/tools/bin/../lib/gcc/arm-none-eabi/12.3.1/thumb/v7e-m+dp/hard/crtbegin.o
 .text          0x080002e0       0x30 C:/ST/STM32CubeIDE_1.16.0/STM32CubeIDE/plugins/com.st.stm32cube.ide.mcu.externaltools.gnu-tools-for-stm32.12.3.rel1.win32_1.0.200.202406191623/tools/bin/../lib/gcc/arm-none-eabi/12.3.1/thumb/v7e-m+dp/hard\libgcc.a(_aeabi_uldivmod.o)
                0x080002e0                __aeabi_uldivmod
 .text          0x08000310      0x2bc C:/ST/STM32CubeIDE_1.16.0/STM32CubeIDE/plugins/com.st.stm32cube.ide.mcu.externaltools.gnu-tools-for-stm32.12.3.rel1.win32_1.0.200.202406191623/tools/bin/../lib/gcc/arm-none-eabi/12.3.1/thumb/v7e-m+dp/hard\libgcc.a(_udivmoddi4.o)
                0x08000310                __udivmoddi4
 .text          0x080005cc        0x4 C:/ST/STM32CubeIDE_1.16.0/STM32CubeIDE/plugins/com.st.stm32cube.ide.mcu.externaltools.gnu-tools-for-stm32.12.3.rel1.win32_1.0.200.202406191623/tools/bin/../lib/gcc/arm-none-eabi/12.3.1/thumb/v7e-m+dp/hard\libgcc.a(_dvmd_tls.o)
                0x080005cc                __aeabi_idiv0
                0x080005cc                __aeabi_ldiv0
 *(.text*)
 .text.HAL_UARTEx_RxEventCallback
                0x080005d0       0x4c ./Core/Src/main.o
                0x080005d0                HAL_UARTEx_RxEventCallback
 .text.main     0x0800061c       0xd8 ./Core/Src/main.o
                0x0800061c                main
 .text._Z18SystemClock_Configv
                0x080006f4       0xf4 ./Core/Src/main.o
                0x080006f4                SystemClock_Config()
 .text._ZL13MX_UART4_Initv
                0x080007e8       0xc0 ./Core/Src/main.o
 .text._ZL12MX_GPIO_Initv
                0x080008a8      0x11c ./Core/Src/main.o
 .text._Z13StartmainTaskPv
                0x080009c4      0x13c ./Core/Src/main.o
                0x080009c4                StartmainTask(void*)
 .text._Z13StartSendTaskPv
                0x08000b00       0x64 ./Core/Src/main.o
                0x08000b00                StartSendTask(void*)
 .text._Z16StartReceiveTaskPv
                0x08000b64       0xa0 ./Core/Src/main.o
                0x08000b64                StartReceiveTask(void*)
 .text._ZL10MPU_Configv
                0x08000c04       0x58 ./Core/Src/main.o
 .text.HAL_TIM_PeriodElapsedCallback
                0x08000c5c       0x24 ./Core/Src/main.o
                0x08000c5c                HAL_TIM_PeriodElapsedCallback
 .text.Error_Handler
                0x08000c80        0xc ./Core/Src/main.o
                0x08000c80                Error_Handler
 .text._Z5crc16Pht
                0x08000c8c       0x78 ./Core/Src/modbus_crc.o
                0x08000c8c                crc16(unsigned char*, unsigned short)
 .text._Z23modbus_on_compare_arrayv
                0x08000d04       0x5c ./Core/Src/modbus_crc.o
                0x08000d04                modbus_on_compare_array()
 .text._Z26modbus_on_compare_array_ATv
                0x08000d60       0x20 ./Core/Src/modbus_crc.o
                0x08000d60                modbus_on_compare_array_AT()
 .text._Z27modbus_off_compare_array_ATv
                0x08000d80       0x20 ./Core/Src/modbus_crc.o
                0x08000d80                modbus_off_compare_array_AT()
 .text._Z24modbus_off_compare_arrayv
                0x08000da0       0x6c ./Core/Src/modbus_crc.o
                0x08000da0                modbus_off_compare_array()
 .text._Z13compareArraysPhS_ii
                0x08000e0c       0x48 ./Core/Src/modbus_crc.o
                0x08000e0c                compareArrays(unsigned char*, unsigned char*, int, int)
 .text._Z10clearArrayPhi
                0x08000e54       0x36 ./Core/Src/modbus_crc.o
                0x08000e54                clearArray(unsigned char*, int)
 *fill*         0x08000e8a        0x2 
 .text._Z17BTM222_init_resetv
                0x08000e8c       0x38 ./Core/Src/modbus_crc.o
                0x08000e8c                BTM222_init_reset()
 .text._Z15readHoldingRegsv
                0x08000ec4      0x13c ./Core/Src/modbus_crc.o
                0x08000ec4                readHoldingRegs()
 .text._Z14writeSingleRegv
                0x08001000       0xe8 ./Core/Src/modbus_crc.o
                0x08001000                writeSingleReg()
 .text._Z8sendDataPhi
                0x080010e8       0x28 ./Core/Src/modbus_crc.o
                0x080010e8                sendData(unsigned char*, int)
 .text.HAL_MspInit
                0x08001110       0x3c ./Core/Src/stm32h7xx_hal_msp.o
                0x08001110                HAL_MspInit
 .text.HAL_UART_MspInit
                0x0800114c       0xe0 ./Core/Src/stm32h7xx_hal_msp.o
                0x0800114c                HAL_UART_MspInit
 .text.HAL_InitTick
                0x0800122c       0xc0 ./Core/Src/stm32h7xx_hal_timebase_tim.o
                0x0800122c                HAL_InitTick
 .text.NMI_Handler
                0x080012ec        0x8 ./Core/Src/stm32h7xx_it.o
                0x080012ec                NMI_Handler
 .text.HardFault_Handler
                0x080012f4        0x8 ./Core/Src/stm32h7xx_it.o
                0x080012f4                HardFault_Handler
 .text.MemManage_Handler
                0x080012fc        0x8 ./Core/Src/stm32h7xx_it.o
                0x080012fc                MemManage_Handler
 .text.BusFault_Handler
                0x08001304        0x8 ./Core/Src/stm32h7xx_it.o
                0x08001304                BusFault_Handler
 .text.UsageFault_Handler
                0x0800130c        0x8 ./Core/Src/stm32h7xx_it.o
                0x0800130c                UsageFault_Handler
 .text.DebugMon_Handler
                0x08001314        0xe ./Core/Src/stm32h7xx_it.o
                0x08001314                DebugMon_Handler
 *fill*         0x08001322        0x2 
 .text.TIM1_UP_IRQHandler
                0x08001324       0x14 ./Core/Src/stm32h7xx_it.o
                0x08001324                TIM1_UP_IRQHandler
 .text.UART4_IRQHandler
                0x08001338       0x14 ./Core/Src/stm32h7xx_it.o
                0x08001338                UART4_IRQHandler
 .text.SystemInit
                0x0800134c      0x110 ./Core/Src/system_stm32h7xx.o
                0x0800134c                SystemInit
 .text.Reset_Handler
                0x0800145c       0x50 ./Core/Startup/startup_stm32h743zitx.o
                0x0800145c                Reset_Handler
 .text.Default_Handler
                0x080014ac        0x2 ./Core/Startup/startup_stm32h743zitx.o
                0x080014ac                RTC_Alarm_IRQHandler
                0x080014ac                EXTI2_IRQHandler
                0x080014ac                TIM8_CC_IRQHandler
                0x080014ac                HRTIM1_Master_IRQHandler
                0x080014ac                UART8_IRQHandler
                0x080014ac                SPI4_IRQHandler
                0x080014ac                TIM1_CC_IRQHandler
                0x080014ac                BDMA_Channel6_IRQHandler
                0x080014ac                DMA2_Stream5_IRQHandler
                0x080014ac                HRTIM1_FLT_IRQHandler
                0x080014ac                JPEG_IRQHandler
                0x080014ac                DMA1_Stream5_IRQHandler
                0x080014ac                BDMA_Channel1_IRQHandler
                0x080014ac                HRTIM1_TIMD_IRQHandler
                0x080014ac                TAMP_STAMP_IRQHandler
                0x080014ac                EXTI3_IRQHandler
                0x080014ac                LPTIM4_IRQHandler
                0x080014ac                TIM8_TRG_COM_TIM14_IRQHandler
                0x080014ac                LPTIM2_IRQHandler
                0x080014ac                DFSDM1_FLT1_IRQHandler
                0x080014ac                DMAMUX2_OVR_IRQHandler
                0x080014ac                TIM8_UP_TIM13_IRQHandler
                0x080014ac                I2C3_ER_IRQHandler
                0x080014ac                DFSDM1_FLT2_IRQHandler
                0x080014ac                MDMA_IRQHandler
                0x080014ac                LPTIM3_IRQHandler
                0x080014ac                HSEM1_IRQHandler
                0x080014ac                EXTI0_IRQHandler
                0x080014ac                I2C2_EV_IRQHandler
                0x080014ac                DMA1_Stream2_IRQHandler
                0x080014ac                FPU_IRQHandler
                0x080014ac                OTG_HS_WKUP_IRQHandler
                0x080014ac                FDCAN1_IT1_IRQHandler
                0x080014ac                LTDC_ER_IRQHandler
                0x080014ac                DMA2_Stream2_IRQHandler
                0x080014ac                HRTIM1_TIME_IRQHandler
                0x080014ac                SPI1_IRQHandler
                0x080014ac                TIM6_DAC_IRQHandler
                0x080014ac                DCMI_IRQHandler
                0x080014ac                HRTIM1_TIMC_IRQHandler
                0x080014ac                DMA2_Stream3_IRQHandler
                0x080014ac                SAI2_IRQHandler
                0x080014ac                DFSDM1_FLT3_IRQHandler
                0x080014ac                USART6_IRQHandler
                0x080014ac                TIM17_IRQHandler
                0x080014ac                USART3_IRQHandler
                0x080014ac                BDMA_Channel7_IRQHandler
                0x080014ac                LPTIM5_IRQHandler
                0x080014ac                UART5_IRQHandler
                0x080014ac                ADC3_IRQHandler
                0x080014ac                DMA2_Stream0_IRQHandler
                0x080014ac                TIM4_IRQHandler
                0x080014ac                BDMA_Channel2_IRQHandler
                0x080014ac                QUADSPI_IRQHandler
                0x080014ac                I2C1_EV_IRQHandler
                0x080014ac                DMA1_Stream6_IRQHandler
                0x080014ac                DMAMUX1_OVR_IRQHandler
                0x080014ac                DMA1_Stream1_IRQHandler
                0x080014ac                TIM16_IRQHandler
                0x080014ac                BDMA_Channel5_IRQHandler
                0x080014ac                TIM3_IRQHandler
                0x080014ac                RCC_IRQHandler
                0x080014ac                TIM8_BRK_TIM12_IRQHandler
                0x080014ac                TIM1_TRG_COM_IRQHandler
                0x080014ac                Default_Handler
                0x080014ac                ECC_IRQHandler
                0x080014ac                CEC_IRQHandler
                0x080014ac                EXTI15_10_IRQHandler
                0x080014ac                BDMA_Channel0_IRQHandler
                0x080014ac                ADC_IRQHandler
                0x080014ac                DMA1_Stream7_IRQHandler
                0x080014ac                HRTIM1_TIMA_IRQHandler
                0x080014ac                SPI5_IRQHandler
                0x080014ac                TIM7_IRQHandler
                0x080014ac                SDMMC1_IRQHandler
                0x080014ac                TIM5_IRQHandler
                0x080014ac                DMA2_Stream7_IRQHandler
                0x080014ac                TIM15_IRQHandler
                0x080014ac                PVD_AVD_IRQHandler
                0x080014ac                I2C3_EV_IRQHandler
                0x080014ac                EXTI9_5_IRQHandler
                0x080014ac                RTC_WKUP_IRQHandler
                0x080014ac                LTDC_IRQHandler
                0x080014ac                SAI3_IRQHandler
                0x080014ac                ETH_WKUP_IRQHandler
                0x080014ac                SPDIF_RX_IRQHandler
                0x080014ac                SPI2_IRQHandler
                0x080014ac                OTG_HS_EP1_IN_IRQHandler
                0x080014ac                DMA1_Stream0_IRQHandler
                0x080014ac                CRS_IRQHandler
                0x080014ac                EXTI4_IRQHandler
                0x080014ac                RNG_IRQHandler
                0x080014ac                HRTIM1_TIMB_IRQHandler
                0x080014ac                FDCAN2_IT1_IRQHandler
                0x080014ac                ETH_IRQHandler
                0x080014ac                BDMA_Channel4_IRQHandler
                0x080014ac                OTG_HS_EP1_OUT_IRQHandler
                0x080014ac                WWDG_IRQHandler
                0x080014ac                SPI6_IRQHandler
                0x080014ac                MDIOS_IRQHandler
                0x080014ac                I2C4_EV_IRQHandler
                0x080014ac                FDCAN2_IT0_IRQHandler
                0x080014ac                LPUART1_IRQHandler
                0x080014ac                FDCAN1_IT0_IRQHandler
                0x080014ac                TIM2_IRQHandler
                0x080014ac                OTG_FS_WKUP_IRQHandler
                0x080014ac                OTG_HS_IRQHandler
                0x080014ac                DMA2D_IRQHandler
                0x080014ac                TIM1_BRK_IRQHandler
                0x080014ac                EXTI1_IRQHandler
                0x080014ac                SDMMC2_IRQHandler
                0x080014ac                OTG_FS_EP1_OUT_IRQHandler
                0x080014ac                BDMA_Channel3_IRQHandler
                0x080014ac                UART7_IRQHandler
                0x080014ac                MDIOS_WKUP_IRQHandler
                0x080014ac                USART2_IRQHandler
                0x080014ac                DFSDM1_FLT0_IRQHandler
                0x080014ac                SAI4_IRQHandler
                0x080014ac                I2C2_ER_IRQHandler
                0x080014ac                DMA2_Stream1_IRQHandler
                0x080014ac                FLASH_IRQHandler
                0x080014ac                DMA2_Stream4_IRQHandler
                0x080014ac                USART1_IRQHandler
                0x080014ac                OTG_FS_IRQHandler
                0x080014ac                SPI3_IRQHandler
                0x080014ac                WAKEUP_PIN_IRQHandler
                0x080014ac                DMA1_Stream4_IRQHandler
                0x080014ac                OTG_FS_EP1_IN_IRQHandler
                0x080014ac                I2C1_ER_IRQHandler
                0x080014ac                FMC_IRQHandler
                0x080014ac                FDCAN_CAL_IRQHandler
                0x080014ac                SWPMI1_IRQHandler
                0x080014ac                COMP1_IRQHandler
                0x080014ac                LPTIM1_IRQHandler
                0x080014ac                I2C4_ER_IRQHandler
                0x080014ac                DMA2_Stream6_IRQHandler
                0x080014ac                SAI1_IRQHandler
                0x080014ac                DMA1_Stream3_IRQHandler
 *fill*         0x080014ae        0x2 
 .text.HAL_Init
                0x080014b0       0x78 ./Drivers/STM32H7xx_HAL_Driver/Src/stm32h7xx_hal.o
                0x080014b0                HAL_Init
 .text.HAL_IncTick
                0x08001528       0x28 ./Drivers/STM32H7xx_HAL_Driver/Src/stm32h7xx_hal.o
                0x08001528                HAL_IncTick
 .text.HAL_GetTick
                0x08001550       0x18 ./Drivers/STM32H7xx_HAL_Driver/Src/stm32h7xx_hal.o
                0x08001550                HAL_GetTick
 .text.HAL_Delay
                0x08001568       0x48 ./Drivers/STM32H7xx_HAL_Driver/Src/stm32h7xx_hal.o
                0x08001568                HAL_Delay
 .text.HAL_GetREVID
                0x080015b0       0x18 ./Drivers/STM32H7xx_HAL_Driver/Src/stm32h7xx_hal.o
                0x080015b0                HAL_GetREVID
 .text.__NVIC_SetPriorityGrouping
                0x080015c8       0x48 ./Drivers/STM32H7xx_HAL_Driver/Src/stm32h7xx_hal_cortex.o
 .text.__NVIC_GetPriorityGrouping
                0x08001610       0x1c ./Drivers/STM32H7xx_HAL_Driver/Src/stm32h7xx_hal_cortex.o
 .text.__NVIC_EnableIRQ
                0x0800162c       0x3c ./Drivers/STM32H7xx_HAL_Driver/Src/stm32h7xx_hal_cortex.o
 .text.__NVIC_SetPriority
                0x08001668       0x54 ./Drivers/STM32H7xx_HAL_Driver/Src/stm32h7xx_hal_cortex.o
 .text.NVIC_EncodePriority
                0x080016bc       0x66 ./Drivers/STM32H7xx_HAL_Driver/Src/stm32h7xx_hal_cortex.o
 .text.HAL_NVIC_SetPriorityGrouping
                0x08001722       0x16 ./Drivers/STM32H7xx_HAL_Driver/Src/stm32h7xx_hal_cortex.o
                0x08001722                HAL_NVIC_SetPriorityGrouping
 .text.HAL_NVIC_SetPriority
                0x08001738       0x34 ./Drivers/STM32H7xx_HAL_Driver/Src/stm32h7xx_hal_cortex.o
                0x08001738                HAL_NVIC_SetPriority
 .text.HAL_NVIC_EnableIRQ
                0x0800176c       0x1c ./Drivers/STM32H7xx_HAL_Driver/Src/stm32h7xx_hal_cortex.o
                0x0800176c                HAL_NVIC_EnableIRQ
 .text.HAL_MPU_Disable
                0x08001788       0x30 ./Drivers/STM32H7xx_HAL_Driver/Src/stm32h7xx_hal_cortex.o
                0x08001788                HAL_MPU_Disable
 .text.HAL_MPU_Enable
                0x080017b8       0x40 ./Drivers/STM32H7xx_HAL_Driver/Src/stm32h7xx_hal_cortex.o
                0x080017b8                HAL_MPU_Enable
 .text.HAL_MPU_ConfigRegion
                0x080017f8       0x80 ./Drivers/STM32H7xx_HAL_Driver/Src/stm32h7xx_hal_cortex.o
                0x080017f8                HAL_MPU_ConfigRegion
 .text.HAL_DMA_Abort
                0x08001878      0x63c ./Drivers/STM32H7xx_HAL_Driver/Src/stm32h7xx_hal_dma.o
                0x08001878                HAL_DMA_Abort
 .text.HAL_DMA_Abort_IT
                0x08001eb4      0x48c ./Drivers/STM32H7xx_HAL_Driver/Src/stm32h7xx_hal_dma.o
                0x08001eb4                HAL_DMA_Abort_IT
 .text.HAL_GPIO_Init
                0x08002340      0x360 ./Drivers/STM32H7xx_HAL_Driver/Src/stm32h7xx_hal_gpio.o
                0x08002340                HAL_GPIO_Init
 .text.HAL_GPIO_ReadPin
                0x080026a0       0x30 ./Drivers/STM32H7xx_HAL_Driver/Src/stm32h7xx_hal_gpio.o
                0x080026a0                HAL_GPIO_ReadPin
 .text.HAL_GPIO_WritePin
                0x080026d0       0x32 ./Drivers/STM32H7xx_HAL_Driver/Src/stm32h7xx_hal_gpio.o
                0x080026d0                HAL_GPIO_WritePin
 *fill*         0x08002702        0x2 
 .text.HAL_PWREx_ConfigSupply
                0x08002704       0x74 ./Drivers/STM32H7xx_HAL_Driver/Src/stm32h7xx_hal_pwr_ex.o
                0x08002704                HAL_PWREx_ConfigSupply
 .text.HAL_RCC_OscConfig
                0x08002778      0x8b4 ./Drivers/STM32H7xx_HAL_Driver/Src/stm32h7xx_hal_rcc.o
                0x08002778                HAL_RCC_OscConfig
 .text.HAL_RCC_ClockConfig
                0x0800302c      0x36c ./Drivers/STM32H7xx_HAL_Driver/Src/stm32h7xx_hal_rcc.o
                0x0800302c                HAL_RCC_ClockConfig
 .text.HAL_RCC_GetSysClockFreq
                0x08003398      0x2f4 ./Drivers/STM32H7xx_HAL_Driver/Src/stm32h7xx_hal_rcc.o
                0x08003398                HAL_RCC_GetSysClockFreq
 .text.HAL_RCC_GetHCLKFreq
                0x0800368c       0x60 ./Drivers/STM32H7xx_HAL_Driver/Src/stm32h7xx_hal_rcc.o
                0x0800368c                HAL_RCC_GetHCLKFreq
 .text.HAL_RCC_GetPCLK1Freq
                0x080036ec       0x2c ./Drivers/STM32H7xx_HAL_Driver/Src/stm32h7xx_hal_rcc.o
                0x080036ec                HAL_RCC_GetPCLK1Freq
 .text.HAL_RCC_GetPCLK2Freq
                0x08003718       0x2c ./Drivers/STM32H7xx_HAL_Driver/Src/stm32h7xx_hal_rcc.o
                0x08003718                HAL_RCC_GetPCLK2Freq
 .text.HAL_RCC_GetClockConfig
                0x08003744       0x84 ./Drivers/STM32H7xx_HAL_Driver/Src/stm32h7xx_hal_rcc.o
                0x08003744                HAL_RCC_GetClockConfig
 .text.HAL_RCCEx_PeriphCLKConfig
                0x080037c8     0x1414 ./Drivers/STM32H7xx_HAL_Driver/Src/stm32h7xx_hal_rcc_ex.o
                0x080037c8                HAL_RCCEx_PeriphCLKConfig
 .text.HAL_RCCEx_GetD3PCLK1Freq
                0x08004bdc       0x2c ./Drivers/STM32H7xx_HAL_Driver/Src/stm32h7xx_hal_rcc_ex.o
                0x08004bdc                HAL_RCCEx_GetD3PCLK1Freq
 .text.HAL_RCCEx_GetPLL2ClockFreq
                0x08004c08      0x2a8 ./Drivers/STM32H7xx_HAL_Driver/Src/stm32h7xx_hal_rcc_ex.o
                0x08004c08                HAL_RCCEx_GetPLL2ClockFreq
 .text.HAL_RCCEx_GetPLL3ClockFreq
                0x08004eb0      0x2a8 ./Drivers/STM32H7xx_HAL_Driver/Src/stm32h7xx_hal_rcc_ex.o
                0x08004eb0                HAL_RCCEx_GetPLL3ClockFreq
 .text.RCCEx_PLL2_Config
                0x08005158      0x164 ./Drivers/STM32H7xx_HAL_Driver/Src/stm32h7xx_hal_rcc_ex.o
 .text.RCCEx_PLL3_Config
                0x080052bc      0x164 ./Drivers/STM32H7xx_HAL_Driver/Src/stm32h7xx_hal_rcc_ex.o
 .text.HAL_TIM_Base_Init
                0x08005420       0xae ./Drivers/STM32H7xx_HAL_Driver/Src/stm32h7xx_hal_tim.o
                0x08005420                HAL_TIM_Base_Init
 .text.HAL_TIM_Base_MspInit
                0x080054ce       0x14 ./Drivers/STM32H7xx_HAL_Driver/Src/stm32h7xx_hal_tim.o
                0x080054ce                HAL_TIM_Base_MspInit
 *fill*         0x080054e2        0x2 
 .text.HAL_TIM_Base_Start_IT
                0x080054e4       0xf0 ./Drivers/STM32H7xx_HAL_Driver/Src/stm32h7xx_hal_tim.o
                0x080054e4                HAL_TIM_Base_Start_IT
 .text.HAL_TIM_IRQHandler
                0x080055d4      0x20e ./Drivers/STM32H7xx_HAL_Driver/Src/stm32h7xx_hal_tim.o
                0x080055d4                HAL_TIM_IRQHandler
 .text.HAL_TIM_OC_DelayElapsedCallback
                0x080057e2       0x14 ./Drivers/STM32H7xx_HAL_Driver/Src/stm32h7xx_hal_tim.o
                0x080057e2                HAL_TIM_OC_DelayElapsedCallback
 .text.HAL_TIM_IC_CaptureCallback
                0x080057f6       0x14 ./Drivers/STM32H7xx_HAL_Driver/Src/stm32h7xx_hal_tim.o
                0x080057f6                HAL_TIM_IC_CaptureCallback
 .text.HAL_TIM_PWM_PulseFinishedCallback
                0x0800580a       0x14 ./Drivers/STM32H7xx_HAL_Driver/Src/stm32h7xx_hal_tim.o
                0x0800580a                HAL_TIM_PWM_PulseFinishedCallback
 .text.HAL_TIM_TriggerCallback
                0x0800581e       0x14 ./Drivers/STM32H7xx_HAL_Driver/Src/stm32h7xx_hal_tim.o
                0x0800581e                HAL_TIM_TriggerCallback
 *fill*         0x08005832        0x2 
 .text.TIM_Base_SetConfig
                0x08005834      0x14c ./Drivers/STM32H7xx_HAL_Driver/Src/stm32h7xx_hal_tim.o
                0x08005834                TIM_Base_SetConfig
 .text.HAL_TIMEx_CommutCallback
                0x08005980       0x14 ./Drivers/STM32H7xx_HAL_Driver/Src/stm32h7xx_hal_tim_ex.o
                0x08005980                HAL_TIMEx_CommutCallback
 .text.HAL_TIMEx_BreakCallback
                0x08005994       0x14 ./Drivers/STM32H7xx_HAL_Driver/Src/stm32h7xx_hal_tim_ex.o
                0x08005994                HAL_TIMEx_BreakCallback
 .text.HAL_TIMEx_Break2Callback
                0x080059a8       0x14 ./Drivers/STM32H7xx_HAL_Driver/Src/stm32h7xx_hal_tim_ex.o
                0x080059a8                HAL_TIMEx_Break2Callback
 .text.HAL_UART_Init
                0x080059bc       0xa0 ./Drivers/STM32H7xx_HAL_Driver/Src/stm32h7xx_hal_uart.o
                0x080059bc                HAL_UART_Init
 .text.HAL_UART_Transmit
                0x08005a5c      0x11c ./Drivers/STM32H7xx_HAL_Driver/Src/stm32h7xx_hal_uart.o
                0x08005a5c                HAL_UART_Transmit
 .text.HAL_UART_IRQHandler
                0x08005b78      0x774 ./Drivers/STM32H7xx_HAL_Driver/Src/stm32h7xx_hal_uart.o
                0x08005b78                HAL_UART_IRQHandler
 .text.HAL_UART_TxCpltCallback
                0x080062ec       0x14 ./Drivers/STM32H7xx_HAL_Driver/Src/stm32h7xx_hal_uart.o
                0x080062ec                HAL_UART_TxCpltCallback
 .text.HAL_UART_RxCpltCallback
                0x08006300       0x14 ./Drivers/STM32H7xx_HAL_Driver/Src/stm32h7xx_hal_uart.o
                0x08006300                HAL_UART_RxCpltCallback
 .text.HAL_UART_ErrorCallback
                0x08006314       0x14 ./Drivers/STM32H7xx_HAL_Driver/Src/stm32h7xx_hal_uart.o
                0x08006314                HAL_UART_ErrorCallback
 .text.UART_SetConfig
                0x08006328      0xad0 ./Drivers/STM32H7xx_HAL_Driver/Src/stm32h7xx_hal_uart.o
                0x08006328                UART_SetConfig
 .text.UART_AdvFeatureConfig
                0x08006df8      0x144 ./Drivers/STM32H7xx_HAL_Driver/Src/stm32h7xx_hal_uart.o
                0x08006df8                UART_AdvFeatureConfig
 .text.UART_CheckIdleState
                0x08006f3c      0x154 ./Drivers/STM32H7xx_HAL_Driver/Src/stm32h7xx_hal_uart.o
                0x08006f3c                UART_CheckIdleState
 .text.UART_WaitOnFlagUntilTimeout
                0x08007090       0xda ./Drivers/STM32H7xx_HAL_Driver/Src/stm32h7xx_hal_uart.o
                0x08007090                UART_WaitOnFlagUntilTimeout
 *fill*         0x0800716a        0x2 
 .text.UART_Start_Receive_IT
                0x0800716c      0x244 ./Drivers/STM32H7xx_HAL_Driver/Src/stm32h7xx_hal_uart.o
                0x0800716c                UART_Start_Receive_IT
 .text.UART_EndRxTransfer
                0x080073b0       0xcc ./Drivers/STM32H7xx_HAL_Driver/Src/stm32h7xx_hal_uart.o
 .text.UART_DMAAbortOnError
                0x0800747c       0x2c ./Drivers/STM32H7xx_HAL_Driver/Src/stm32h7xx_hal_uart.o
 .text.UART_EndTransmit_IT
                0x080074a8       0x56 ./Drivers/STM32H7xx_HAL_Driver/Src/stm32h7xx_hal_uart.o
 *fill*         0x080074fe        0x2 
 .text.UART_RxISR_8BIT
                0x08007500      0x1b8 ./Drivers/STM32H7xx_HAL_Driver/Src/stm32h7xx_hal_uart.o
 .text.UART_RxISR_16BIT
                0x080076b8      0x1b8 ./Drivers/STM32H7xx_HAL_Driver/Src/stm32h7xx_hal_uart.o
 .text.UART_RxISR_8BIT_FIFOEN
                0x08007870      0x360 ./Drivers/STM32H7xx_HAL_Driver/Src/stm32h7xx_hal_uart.o
 .text.UART_RxISR_16BIT_FIFOEN
                0x08007bd0      0x368 ./Drivers/STM32H7xx_HAL_Driver/Src/stm32h7xx_hal_uart.o
 .text.HAL_UARTEx_WakeupCallback
                0x08007f38       0x14 ./Drivers/STM32H7xx_HAL_Driver/Src/stm32h7xx_hal_uart_ex.o
                0x08007f38                HAL_UARTEx_WakeupCallback
 .text.HAL_UARTEx_RxFifoFullCallback
                0x08007f4c       0x14 ./Drivers/STM32H7xx_HAL_Driver/Src/stm32h7xx_hal_uart_ex.o
                0x08007f4c                HAL_UARTEx_RxFifoFullCallback
 .text.HAL_UARTEx_TxFifoEmptyCallback
                0x08007f60       0x14 ./Drivers/STM32H7xx_HAL_Driver/Src/stm32h7xx_hal_uart_ex.o
                0x08007f60                HAL_UARTEx_TxFifoEmptyCallback
 .text.HAL_UARTEx_DisableFifoMode
                0x08007f74       0x72 ./Drivers/STM32H7xx_HAL_Driver/Src/stm32h7xx_hal_uart_ex.o
                0x08007f74                HAL_UARTEx_DisableFifoMode
 .text.HAL_UARTEx_SetTxFifoThreshold
                0x08007fe6       0x7c ./Drivers/STM32H7xx_HAL_Driver/Src/stm32h7xx_hal_uart_ex.o
                0x08007fe6                HAL_UARTEx_SetTxFifoThreshold
 .text.HAL_UARTEx_SetRxFifoThreshold
                0x08008062       0x7c ./Drivers/STM32H7xx_HAL_Driver/Src/stm32h7xx_hal_uart_ex.o
                0x08008062                HAL_UARTEx_SetRxFifoThreshold
 .text.HAL_UARTEx_ReceiveToIdle_IT
                0x080080de       0xa0 ./Drivers/STM32H7xx_HAL_Driver/Src/stm32h7xx_hal_uart_ex.o
                0x080080de                HAL_UARTEx_ReceiveToIdle_IT
 *fill*         0x0800817e        0x2 
 .text.UARTEx_SetNbDataToProcess
                0x08008180       0x9c ./Drivers/STM32H7xx_HAL_Driver/Src/stm32h7xx_hal_uart_ex.o
 .text.__NVIC_SetPriority
                0x0800821c       0x54 ./Middlewares/Third_Party/FreeRTOS/Source/CMSIS_RTOS_V2/cmsis_os2.o
 .text.SysTick_Handler
                0x08008270       0x20 ./Middlewares/Third_Party/FreeRTOS/Source/CMSIS_RTOS_V2/cmsis_os2.o
                0x08008270                SysTick_Handler
 .text.SVC_Setup
                0x08008290       0x12 ./Middlewares/Third_Party/FreeRTOS/Source/CMSIS_RTOS_V2/cmsis_os2.o
 *fill*         0x080082a2        0x2 
 .text.osKernelInitialize
                0x080082a4       0x48 ./Middlewares/Third_Party/FreeRTOS/Source/CMSIS_RTOS_V2/cmsis_os2.o
                0x080082a4                osKernelInitialize
 .text.osKernelStart
                0x080082ec       0x4c ./Middlewares/Third_Party/FreeRTOS/Source/CMSIS_RTOS_V2/cmsis_os2.o
                0x080082ec                osKernelStart
 .text.osThreadNew
                0x08008338      0x124 ./Middlewares/Third_Party/FreeRTOS/Source/CMSIS_RTOS_V2/cmsis_os2.o
                0x08008338                osThreadNew
 .text.osDelay  0x0800845c       0x36 ./Middlewares/Third_Party/FreeRTOS/Source/CMSIS_RTOS_V2/cmsis_os2.o
                0x0800845c                osDelay
 .text.osMessageQueueNew
                0x08008492       0xe6 ./Middlewares/Third_Party/FreeRTOS/Source/CMSIS_RTOS_V2/cmsis_os2.o
                0x08008492                osMessageQueueNew
 .text.osMessageQueuePut
                0x08008578       0xc0 ./Middlewares/Third_Party/FreeRTOS/Source/CMSIS_RTOS_V2/cmsis_os2.o
                0x08008578                osMessageQueuePut
 .text.osMessageQueueGet
                0x08008638       0xbc ./Middlewares/Third_Party/FreeRTOS/Source/CMSIS_RTOS_V2/cmsis_os2.o
                0x08008638                osMessageQueueGet
 .text.vApplicationGetIdleTaskMemory
                0x080086f4       0x34 ./Middlewares/Third_Party/FreeRTOS/Source/CMSIS_RTOS_V2/cmsis_os2.o
                0x080086f4                vApplicationGetIdleTaskMemory
 .text.vApplicationGetTimerTaskMemory
                0x08008728       0x34 ./Middlewares/Third_Party/FreeRTOS/Source/CMSIS_RTOS_V2/cmsis_os2.o
                0x08008728                vApplicationGetTimerTaskMemory
 .text.vListInitialise
                0x0800875c       0x40 ./Middlewares/Third_Party/FreeRTOS/Source/list.o
                0x0800875c                vListInitialise
 .text.vListInitialiseItem
                0x0800879c       0x1a ./Middlewares/Third_Party/FreeRTOS/Source/list.o
                0x0800879c                vListInitialiseItem
 .text.vListInsertEnd
                0x080087b6       0x48 ./Middlewares/Third_Party/FreeRTOS/Source/list.o
                0x080087b6                vListInsertEnd
 .text.vListInsert
                0x080087fe       0x72 ./Middlewares/Third_Party/FreeRTOS/Source/list.o
                0x080087fe                vListInsert
 .text.uxListRemove
                0x08008870       0x54 ./Middlewares/Third_Party/FreeRTOS/Source/list.o
                0x08008870                uxListRemove
 .text.xQueueGenericReset
                0x080088c4       0xd4 ./Middlewares/Third_Party/FreeRTOS/Source/queue.o
                0x080088c4                xQueueGenericReset
 .text.xQueueGenericCreateStatic
                0x08008998       0xfa ./Middlewares/Third_Party/FreeRTOS/Source/queue.o
                0x08008998                xQueueGenericCreateStatic
 .text.xQueueGenericCreate
                0x08008a92       0x76 ./Middlewares/Third_Party/FreeRTOS/Source/queue.o
                0x08008a92                xQueueGenericCreate
 .text.prvInitialiseNewQueue
                0x08008b08       0x46 ./Middlewares/Third_Party/FreeRTOS/Source/queue.o
 *fill*         0x08008b4e        0x2 
 .text.xQueueGenericSend
                0x08008b50      0x204 ./Middlewares/Third_Party/FreeRTOS/Source/queue.o
                0x08008b50                xQueueGenericSend
 .text.xQueueGenericSendFromISR
                0x08008d54      0x13c ./Middlewares/Third_Party/FreeRTOS/Source/queue.o
                0x08008d54                xQueueGenericSendFromISR
 .text.xQueueReceive
                0x08008e90      0x1c4 ./Middlewares/Third_Party/FreeRTOS/Source/queue.o
                0x08008e90                xQueueReceive
 .text.xQueueReceiveFromISR
                0x08009054      0x104 ./Middlewares/Third_Party/FreeRTOS/Source/queue.o
                0x08009054                xQueueReceiveFromISR
 .text.prvCopyDataToQueue
                0x08009158       0xd4 ./Middlewares/Third_Party/FreeRTOS/Source/queue.o
 .text.prvCopyDataFromQueue
                0x0800922c       0x4c ./Middlewares/Third_Party/FreeRTOS/Source/queue.o
 .text.prvUnlockQueue
                0x08009278       0xa4 ./Middlewares/Third_Party/FreeRTOS/Source/queue.o
 .text.prvIsQueueEmpty
                0x0800931c       0x2c ./Middlewares/Third_Party/FreeRTOS/Source/queue.o
 .text.prvIsQueueFull
                0x08009348       0x30 ./Middlewares/Third_Party/FreeRTOS/Source/queue.o
 .text.vQueueAddToRegistry
                0x08009378       0x54 ./Middlewares/Third_Party/FreeRTOS/Source/queue.o
                0x08009378                vQueueAddToRegistry
 .text.vQueueWaitForMessageRestricted
                0x080093cc       0x68 ./Middlewares/Third_Party/FreeRTOS/Source/queue.o
                0x080093cc                vQueueWaitForMessageRestricted
 .text.xTaskCreateStatic
                0x08009434       0xc0 ./Middlewares/Third_Party/FreeRTOS/Source/tasks.o
                0x08009434                xTaskCreateStatic
 .text.xTaskCreate
                0x080094f4       0x8a ./Middlewares/Third_Party/FreeRTOS/Source/tasks.o
                0x080094f4                xTaskCreate
 .text.prvInitialiseNewTask
                0x0800957e      0x120 ./Middlewares/Third_Party/FreeRTOS/Source/tasks.o
 *fill*         0x0800969e        0x2 
 .text.prvAddNewTaskToReadyList
                0x080096a0       0xe0 ./Middlewares/Third_Party/FreeRTOS/Source/tasks.o
 .text.vTaskDelay
                0x08009780       0x6c ./Middlewares/Third_Party/FreeRTOS/Source/tasks.o
                0x08009780                vTaskDelay
 .text.vTaskStartScheduler
                0x080097ec       0xd0 ./Middlewares/Third_Party/FreeRTOS/Source/tasks.o
                0x080097ec                vTaskStartScheduler
 .text.vTaskSuspendAll
                0x080098bc       0x1c ./Middlewares/Third_Party/FreeRTOS/Source/tasks.o
                0x080098bc                vTaskSuspendAll
 .text.xTaskResumeAll
                0x080098d8      0x13c ./Middlewares/Third_Party/FreeRTOS/Source/tasks.o
                0x080098d8                xTaskResumeAll
 .text.xTaskGetTickCount
                0x08009a14       0x20 ./Middlewares/Third_Party/FreeRTOS/Source/tasks.o
                0x08009a14                xTaskGetTickCount
 .text.xTaskIncrementTick
                0x08009a34      0x174 ./Middlewares/Third_Party/FreeRTOS/Source/tasks.o
                0x08009a34                xTaskIncrementTick
 .text.vTaskSwitchContext
                0x08009ba8       0xbc ./Middlewares/Third_Party/FreeRTOS/Source/tasks.o
                0x08009ba8                vTaskSwitchContext
 .text.vTaskPlaceOnEventList
                0x08009c64       0x4c ./Middlewares/Third_Party/FreeRTOS/Source/tasks.o
                0x08009c64                vTaskPlaceOnEventList
 .text.vTaskPlaceOnEventListRestricted
                0x08009cb0       0x58 ./Middlewares/Third_Party/FreeRTOS/Source/tasks.o
                0x08009cb0                vTaskPlaceOnEventListRestricted
 .text.xTaskRemoveFromEventList
                0x08009d08       0xc8 ./Middlewares/Third_Party/FreeRTOS/Source/tasks.o
                0x08009d08                xTaskRemoveFromEventList
 .text.vTaskInternalSetTimeOutState
                0x08009dd0       0x2c ./Middlewares/Third_Party/FreeRTOS/Source/tasks.o
                0x08009dd0                vTaskInternalSetTimeOutState
 .text.xTaskCheckForTimeOut
                0x08009dfc       0xc8 ./Middlewares/Third_Party/FreeRTOS/Source/tasks.o
                0x08009dfc                xTaskCheckForTimeOut
 .text.vTaskMissedYield
                0x08009ec4       0x18 ./Middlewares/Third_Party/FreeRTOS/Source/tasks.o
                0x08009ec4                vTaskMissedYield
 .text.prvIdleTask
                0x08009edc       0x30 ./Middlewares/Third_Party/FreeRTOS/Source/tasks.o
 .text.prvInitialiseTaskLists
                0x08009f0c       0x80 ./Middlewares/Third_Party/FreeRTOS/Source/tasks.o
 .text.prvCheckTasksWaitingTermination
                0x08009f8c       0x5c ./Middlewares/Third_Party/FreeRTOS/Source/tasks.o
 .text.prvDeleteTCB
                0x08009fe8       0x60 ./Middlewares/Third_Party/FreeRTOS/Source/tasks.o
 .text.prvResetNextTaskUnblockTime
                0x0800a048       0x40 ./Middlewares/Third_Party/FreeRTOS/Source/tasks.o
 .text.xTaskGetSchedulerState
                0x0800a088       0x3c ./Middlewares/Third_Party/FreeRTOS/Source/tasks.o
                0x0800a088                xTaskGetSchedulerState
 .text.xTaskPriorityDisinherit
                0x0800a0c4       0xe0 ./Middlewares/Third_Party/FreeRTOS/Source/tasks.o
                0x0800a0c4                xTaskPriorityDisinherit
 .text.prvAddCurrentTaskToDelayedList
                0x0800a1a4       0xa8 ./Middlewares/Third_Party/FreeRTOS/Source/tasks.o
 .text.xTimerCreateTimerTask
                0x0800a24c       0x94 ./Middlewares/Third_Party/FreeRTOS/Source/timers.o
                0x0800a24c                xTimerCreateTimerTask
 .text.xTimerGenericCommand
                0x0800a2e0       0x9c ./Middlewares/Third_Party/FreeRTOS/Source/timers.o
                0x0800a2e0                xTimerGenericCommand
 .text.prvProcessExpiredTimer
                0x0800a37c       0x9c ./Middlewares/Third_Party/FreeRTOS/Source/timers.o
 .text.prvTimerTask
                0x0800a418       0x26 ./Middlewares/Third_Party/FreeRTOS/Source/timers.o
 *fill*         0x0800a43e        0x2 
 .text.prvProcessTimerOrBlockTask
                0x0800a440       0x9c ./Middlewares/Third_Party/FreeRTOS/Source/timers.o
 .text.prvGetNextExpireTime
                0x0800a4dc       0x48 ./Middlewares/Third_Party/FreeRTOS/Source/timers.o
 .text.prvSampleTimeNow
                0x0800a524       0x40 ./Middlewares/Third_Party/FreeRTOS/Source/timers.o
 .text.prvInsertTimerInActiveList
                0x0800a564       0x84 ./Middlewares/Third_Party/FreeRTOS/Source/timers.o
 .text.prvProcessReceivedCommands
                0x0800a5e8      0x1cc ./Middlewares/Third_Party/FreeRTOS/Source/timers.o
 .text.prvSwitchTimerLists
                0x0800a7b4       0xcc ./Middlewares/Third_Party/FreeRTOS/Source/timers.o
 .text.prvCheckForValidListAndQueue
                0x0800a880       0x80 ./Middlewares/Third_Party/FreeRTOS/Source/timers.o
 .text.pxPortInitialiseStack
                0x0800a900       0x68 ./Middlewares/Third_Party/FreeRTOS/Source/portable/GCC/ARM_CM4F/port.o
                0x0800a900                pxPortInitialiseStack
 .text.prvTaskExitError
                0x0800a968       0x5c ./Middlewares/Third_Party/FreeRTOS/Source/portable/GCC/ARM_CM4F/port.o
 *fill*         0x0800a9c4        0xc 
 .text.SVC_Handler
                0x0800a9d0       0x28 ./Middlewares/Third_Party/FreeRTOS/Source/portable/GCC/ARM_CM4F/port.o
                0x0800a9d0                SVC_Handler
 .text.prvPortStartFirstTask
                0x0800a9f8       0x28 ./Middlewares/Third_Party/FreeRTOS/Source/portable/GCC/ARM_CM4F/port.o
 .text.xPortStartScheduler
                0x0800aa20      0x148 ./Middlewares/Third_Party/FreeRTOS/Source/portable/GCC/ARM_CM4F/port.o
                0x0800aa20                xPortStartScheduler
 .text.vPortEnterCritical
                0x0800ab68       0x64 ./Middlewares/Third_Party/FreeRTOS/Source/portable/GCC/ARM_CM4F/port.o
                0x0800ab68                vPortEnterCritical
 .text.vPortExitCritical
                0x0800abcc       0x54 ./Middlewares/Third_Party/FreeRTOS/Source/portable/GCC/ARM_CM4F/port.o
                0x0800abcc                vPortExitCritical
 .text.PendSV_Handler
                0x0800ac20       0x68 ./Middlewares/Third_Party/FreeRTOS/Source/portable/GCC/ARM_CM4F/port.o
                0x0800ac20                PendSV_Handler
 .text.xPortSysTickHandler
                0x0800ac88       0x44 ./Middlewares/Third_Party/FreeRTOS/Source/portable/GCC/ARM_CM4F/port.o
                0x0800ac88                xPortSysTickHandler
 .text.vPortSetupTimerInterrupt
                0x0800accc       0x48 ./Middlewares/Third_Party/FreeRTOS/Source/portable/GCC/ARM_CM4F/port.o
                0x0800accc                vPortSetupTimerInterrupt
 .text.vPortEnableVFP
                0x0800ad14       0x14 ./Middlewares/Third_Party/FreeRTOS/Source/portable/GCC/ARM_CM4F/port.o
 .text.vPortValidateInterruptPriority
                0x0800ad28       0x84 ./Middlewares/Third_Party/FreeRTOS/Source/portable/GCC/ARM_CM4F/port.o
                0x0800ad28                vPortValidateInterruptPriority
 .text.pvPortMalloc
                0x0800adac      0x19c ./Middlewares/Third_Party/FreeRTOS/Source/portable/MemMang/heap_4.o
                0x0800adac                pvPortMalloc
 .text.vPortFree
                0x0800af48       0xc8 ./Middlewares/Third_Party/FreeRTOS/Source/portable/MemMang/heap_4.o
                0x0800af48                vPortFree
 .text.prvHeapInit
                0x0800b010       0xc4 ./Middlewares/Third_Party/FreeRTOS/Source/portable/MemMang/heap_4.o
 .text.prvInsertBlockIntoFreeList
                0x0800b0d4       0xb4 ./Middlewares/Third_Party/FreeRTOS/Source/portable/MemMang/heap_4.o
 .text.memset   0x0800b188       0x10 C:/ST/STM32CubeIDE_1.16.0/STM32CubeIDE/plugins/com.st.stm32cube.ide.mcu.externaltools.gnu-tools-for-stm32.12.3.rel1.win32_1.0.200.202406191623/tools/bin/../lib/gcc/arm-none-eabi/12.3.1/../../../../arm-none-eabi/lib/thumb/v7e-m+dp/hard\libc_nano.a(libc_a-memset.o)
                0x0800b188                memset
 .text.__libc_init_array
                0x0800b198       0x48 C:/ST/STM32CubeIDE_1.16.0/STM32CubeIDE/plugins/com.st.stm32cube.ide.mcu.externaltools.gnu-tools-for-stm32.12.3.rel1.win32_1.0.200.202406191623/tools/bin/../lib/gcc/arm-none-eabi/12.3.1/../../../../arm-none-eabi/lib/thumb/v7e-m+dp/hard\libc_nano.a(libc_a-init.o)
                0x0800b198                __libc_init_array
 .text.memcpy   0x0800b1e0       0x1c C:/ST/STM32CubeIDE_1.16.0/STM32CubeIDE/plugins/com.st.stm32cube.ide.mcu.externaltools.gnu-tools-for-stm32.12.3.rel1.win32_1.0.200.202406191623/tools/bin/../lib/gcc/arm-none-eabi/12.3.1/../../../../arm-none-eabi/lib/thumb/v7e-m+dp/hard\libc_nano.a(libc_a-memcpy-stub.o)
                0x0800b1e0                memcpy
 *(.glue_7)
 .glue_7        0x0800b1fc        0x0 linker stubs
 *(.glue_7t)
 .glue_7t       0x0800b1fc        0x0 linker stubs
 *(.eh_frame)
 .eh_frame      0x0800b1fc        0x0 C:/ST/STM32CubeIDE_1.16.0/STM32CubeIDE/plugins/com.st.stm32cube.ide.mcu.externaltools.gnu-tools-for-stm32.12.3.rel1.win32_1.0.200.202406191623/tools/bin/../lib/gcc/arm-none-eabi/12.3.1/thumb/v7e-m+dp/hard/crtbegin.o
 *(.init)
 .init          0x0800b1fc        0x4 C:/ST/STM32CubeIDE_1.16.0/STM32CubeIDE/plugins/com.st.stm32cube.ide.mcu.externaltools.gnu-tools-for-stm32.12.3.rel1.win32_1.0.200.202406191623/tools/bin/../lib/gcc/arm-none-eabi/12.3.1/thumb/v7e-m+dp/hard/crti.o
                0x0800b1fc                _init
 .init          0x0800b200        0x8 C:/ST/STM32CubeIDE_1.16.0/STM32CubeIDE/plugins/com.st.stm32cube.ide.mcu.externaltools.gnu-tools-for-stm32.12.3.rel1.win32_1.0.200.202406191623/tools/bin/../lib/gcc/arm-none-eabi/12.3.1/thumb/v7e-m+dp/hard/crtn.o
 *(.fini)
 .fini          0x0800b208        0x4 C:/ST/STM32CubeIDE_1.16.0/STM32CubeIDE/plugins/com.st.stm32cube.ide.mcu.externaltools.gnu-tools-for-stm32.12.3.rel1.win32_1.0.200.202406191623/tools/bin/../lib/gcc/arm-none-eabi/12.3.1/thumb/v7e-m+dp/hard/crti.o
                0x0800b208                _fini
 .fini          0x0800b20c        0x8 C:/ST/STM32CubeIDE_1.16.0/STM32CubeIDE/plugins/com.st.stm32cube.ide.mcu.externaltools.gnu-tools-for-stm32.12.3.rel1.win32_1.0.200.202406191623/tools/bin/../lib/gcc/arm-none-eabi/12.3.1/thumb/v7e-m+dp/hard/crtn.o
                0x0800b214                        . = ALIGN (0x4)
                0x0800b214                        _etext = .

.vfp11_veneer   0x0800b214        0x0
 .vfp11_veneer  0x0800b214        0x0 linker stubs

.v4_bx          0x0800b214        0x0
 .v4_bx         0x0800b214        0x0 linker stubs

.iplt           0x0800b214        0x0
 .iplt          0x0800b214        0x0 C:/ST/STM32CubeIDE_1.16.0/STM32CubeIDE/plugins/com.st.stm32cube.ide.mcu.externaltools.gnu-tools-for-stm32.12.3.rel1.win32_1.0.200.202406191623/tools/bin/../lib/gcc/arm-none-eabi/12.3.1/thumb/v7e-m+dp/hard/crtbegin.o

.rodata         0x0800b214      0x2e0
                0x0800b214                        . = ALIGN (0x4)
 *(.rodata)
 .rodata        0x0800b214       0x24 ./Core/Src/main.o
 .rodata        0x0800b238        0x5 ./Middlewares/Third_Party/FreeRTOS/Source/tasks.o
 *fill*         0x0800b23d        0x3 
 .rodata        0x0800b240        0xd ./Middlewares/Third_Party/FreeRTOS/Source/timers.o
 *(.rodata*)
 *fill*         0x0800b24d        0x3 
 .rodata._ZL19mainTask_attributes
                0x0800b250       0x24 ./Core/Src/main.o
 .rodata._ZL19SendTask_attributes
                0x0800b274       0x24 ./Core/Src/main.o
 .rodata._ZL22ReceiveTask_attributes
                0x0800b298       0x24 ./Core/Src/main.o
 .rodata._ZL12table_crc_hi
                0x0800b2bc      0x100 ./Core/Src/modbus_crc.o
 .rodata._ZL12table_crc_lo
                0x0800b3bc      0x100 ./Core/Src/modbus_crc.o
 .rodata.D1CorePrescTable
                0x0800b4bc       0x10 ./Core/Src/system_stm32h7xx.o
                0x0800b4bc                D1CorePrescTable
 .rodata.UARTPrescTable
                0x0800b4cc       0x18 ./Drivers/STM32H7xx_HAL_Driver/Src/stm32h7xx_hal_uart.o
                0x0800b4cc                UARTPrescTable
 .rodata.numerator.1
                0x0800b4e4        0x8 ./Drivers/STM32H7xx_HAL_Driver/Src/stm32h7xx_hal_uart_ex.o
 .rodata.denominator.0
                0x0800b4ec        0x8 ./Drivers/STM32H7xx_HAL_Driver/Src/stm32h7xx_hal_uart_ex.o
                0x0800b4f4                        . = ALIGN (0x4)

.ARM.extab
 *(.ARM.extab* .gnu.linkonce.armextab.*)

.ARM            0x0800b4f4        0x8
                0x0800b4f4                        __exidx_start = .
 *(.ARM.exidx*)
 .ARM.exidx     0x0800b4f4        0x8 C:/ST/STM32CubeIDE_1.16.0/STM32CubeIDE/plugins/com.st.stm32cube.ide.mcu.externaltools.gnu-tools-for-stm32.12.3.rel1.win32_1.0.200.202406191623/tools/bin/../lib/gcc/arm-none-eabi/12.3.1/thumb/v7e-m+dp/hard\libgcc.a(_udivmoddi4.o)
                0x0800b4fc                        __exidx_end = .

.preinit_array  0x0800b4fc        0x0
                0x0800b4fc                        PROVIDE (__preinit_array_start = .)
 *(.preinit_array*)
                0x0800b4fc                        PROVIDE (__preinit_array_end = .)

.init_array     0x0800b4fc        0x4
                0x0800b4fc                        PROVIDE (__init_array_start = .)
 *(SORT_BY_NAME(.init_array.*))
 *(.init_array*)
 .init_array    0x0800b4fc        0x4 C:/ST/STM32CubeIDE_1.16.0/STM32CubeIDE/plugins/com.st.stm32cube.ide.mcu.externaltools.gnu-tools-for-stm32.12.3.rel1.win32_1.0.200.202406191623/tools/bin/../lib/gcc/arm-none-eabi/12.3.1/thumb/v7e-m+dp/hard/crtbegin.o
                0x0800b500                        PROVIDE (__init_array_end = .)

.fini_array     0x0800b500        0x4
                [!provide]                        PROVIDE (__fini_array_start = .)
 *(SORT_BY_NAME(.fini_array.*))
 *(.fini_array*)
 .fini_array    0x0800b500        0x4 C:/ST/STM32CubeIDE_1.16.0/STM32CubeIDE/plugins/com.st.stm32cube.ide.mcu.externaltools.gnu-tools-for-stm32.12.3.rel1.win32_1.0.200.202406191623/tools/bin/../lib/gcc/arm-none-eabi/12.3.1/thumb/v7e-m+dp/hard/crtbegin.o
                [!provide]                        PROVIDE (__fini_array_end = .)
                0x0800b504                        _sidata = LOADADDR (.data)

.rel.dyn        0x0800b504        0x0
 .rel.iplt      0x0800b504        0x0 C:/ST/STM32CubeIDE_1.16.0/STM32CubeIDE/plugins/com.st.stm32cube.ide.mcu.externaltools.gnu-tools-for-stm32.12.3.rel1.win32_1.0.200.202406191623/tools/bin/../lib/gcc/arm-none-eabi/12.3.1/thumb/v7e-m+dp/hard/crtbegin.o

.data           0x24000000       0x14 load address 0x0800b504
                0x24000000                        . = ALIGN (0x4)
                0x24000000                        _sdata = .
 *(.data)
 *(.data*)
 .data.SystemCoreClock
                0x24000000        0x4 ./Core/Src/system_stm32h7xx.o
                0x24000000                SystemCoreClock
 .data.SystemD2Clock
                0x24000004        0x4 ./Core/Src/system_stm32h7xx.o
                0x24000004                SystemD2Clock
 .data.uwTickPrio
                0x24000008        0x4 ./Drivers/STM32H7xx_HAL_Driver/Src/stm32h7xx_hal.o
                0x24000008                uwTickPrio
 .data.uwTickFreq
                0x2400000c        0x1 ./Drivers/STM32H7xx_HAL_Driver/Src/stm32h7xx_hal.o
                0x2400000c                uwTickFreq
 *fill*         0x2400000d        0x3 
 .data.uxCriticalNesting
                0x24000010        0x4 ./Middlewares/Third_Party/FreeRTOS/Source/portable/GCC/ARM_CM4F/port.o
 *(.RamFunc)
 *(.RamFunc*)
                0x24000014                        . = ALIGN (0x4)
                0x24000014                        _edata = .

.igot.plt       0x24000014        0x0 load address 0x0800b518
 .igot.plt      0x24000014        0x0 C:/ST/STM32CubeIDE_1.16.0/STM32CubeIDE/plugins/com.st.stm32cube.ide.mcu.externaltools.gnu-tools-for-stm32.12.3.rel1.win32_1.0.200.202406191623/tools/bin/../lib/gcc/arm-none-eabi/12.3.1/thumb/v7e-m+dp/hard/crtbegin.o
                0x24000014                        . = ALIGN (0x4)

.bss            0x24000014     0x4c64 load address 0x0800b518
                0x24000014                        _sbss = .
                0x24000014                        __bss_start__ = _sbss
 *(.bss)
 .bss           0x24000014       0x1c C:/ST/STM32CubeIDE_1.16.0/STM32CubeIDE/plugins/com.st.stm32cube.ide.mcu.externaltools.gnu-tools-for-stm32.12.3.rel1.win32_1.0.200.202406191623/tools/bin/../lib/gcc/arm-none-eabi/12.3.1/thumb/v7e-m+dp/hard/crtbegin.o
 *(.bss*)
 .bss.RxData    0x24000030       0x40 ./Core/Src/main.o
                0x24000030                RxData
 .bss.TxData    0x24000070       0x40 ./Core/Src/main.o
                0x24000070                TxData
 .bss.RxData_on_array
                0x240000b0       0x40 ./Core/Src/main.o
                0x240000b0                RxData_on_array
 .bss.RxData_off_array
                0x240000f0       0x40 ./Core/Src/main.o
                0x240000f0                RxData_off_array
 .bss.RxData_on_array_AT
                0x24000130       0x40 ./Core/Src/main.o
                0x24000130                RxData_on_array_AT
 .bss.RxData_off_array_AT
                0x24000170       0x40 ./Core/Src/main.o
                0x24000170                RxData_off_array_AT
 .bss.new_data  0x240001b0        0x1 ./Core/Src/main.o
                0x240001b0                new_data
 *fill*         0x240001b1        0x3 
 .bss.bytes     0x240001b4        0x4 ./Core/Src/main.o
                0x240001b4                bytes
 .bss.user_MsgQueue
                0x240001b8        0x4 ./Core/Src/main.o
                0x240001b8                user_MsgQueue
 .bss.status1   0x240001bc        0x4 ./Core/Src/main.o
                0x240001bc                status1
 .bss.rxtx_MsgQueue
                0x240001c0        0x4 ./Core/Src/main.o
                0x240001c0                rxtx_MsgQueue
 .bss.status2   0x240001c4        0x4 ./Core/Src/main.o
                0x240001c4                status2
 .bss.taskComm_MsgQueue
                0x240001c8        0x4 ./Core/Src/main.o
                0x240001c8                taskComm_MsgQueue
 .bss.status3   0x240001cc        0x4 ./Core/Src/main.o
                0x240001cc                status3
 .bss.BTconnectMode
                0x240001d0        0x1 ./Core/Src/main.o
                0x240001d0                BTconnectMode
 *fill*         0x240001d1        0x3 
 .bss.huart4    0x240001d4       0x94 ./Core/Src/main.o
                0x240001d4                huart4
 .bss.mainTaskHandle
                0x24000268        0x4 ./Core/Src/main.o
                0x24000268                mainTaskHandle
 .bss.SendTaskHandle
                0x2400026c        0x4 ./Core/Src/main.o
                0x2400026c                SendTaskHandle
 .bss.ReceiveTaskHandle
                0x24000270        0x4 ./Core/Src/main.o
                0x24000270                ReceiveTaskHandle
 .bss._ZL26Holding_Registers_Database
                0x24000274       0x64 ./Core/Src/modbus_crc.o
 .bss.htim1     0x240002d8       0x4c ./Core/Src/stm32h7xx_hal_timebase_tim.o
                0x240002d8                htim1
 .bss.uwTick    0x24000324        0x4 ./Drivers/STM32H7xx_HAL_Driver/Src/stm32h7xx_hal.o
                0x24000324                uwTick
 .bss.KernelState
                0x24000328        0x4 ./Middlewares/Third_Party/FreeRTOS/Source/CMSIS_RTOS_V2/cmsis_os2.o
 .bss.Idle_TCB.3
                0x2400032c       0x5c ./Middlewares/Third_Party/FreeRTOS/Source/CMSIS_RTOS_V2/cmsis_os2.o
 .bss.Idle_Stack.2
                0x24000388      0x200 ./Middlewares/Third_Party/FreeRTOS/Source/CMSIS_RTOS_V2/cmsis_os2.o
 .bss.Timer_TCB.1
                0x24000588       0x5c ./Middlewares/Third_Party/FreeRTOS/Source/CMSIS_RTOS_V2/cmsis_os2.o
 .bss.Timer_Stack.0
                0x240005e4      0x400 ./Middlewares/Third_Party/FreeRTOS/Source/CMSIS_RTOS_V2/cmsis_os2.o
 .bss.xQueueRegistry
                0x240009e4       0x40 ./Middlewares/Third_Party/FreeRTOS/Source/queue.o
                0x240009e4                xQueueRegistry
 .bss.pxCurrentTCB
                0x24000a24        0x4 ./Middlewares/Third_Party/FreeRTOS/Source/tasks.o
                0x24000a24                pxCurrentTCB
 .bss.pxReadyTasksLists
                0x24000a28      0x460 ./Middlewares/Third_Party/FreeRTOS/Source/tasks.o
 .bss.xDelayedTaskList1
                0x24000e88       0x14 ./Middlewares/Third_Party/FreeRTOS/Source/tasks.o
 .bss.xDelayedTaskList2
                0x24000e9c       0x14 ./Middlewares/Third_Party/FreeRTOS/Source/tasks.o
 .bss.pxDelayedTaskList
                0x24000eb0        0x4 ./Middlewares/Third_Party/FreeRTOS/Source/tasks.o
 .bss.pxOverflowDelayedTaskList
                0x24000eb4        0x4 ./Middlewares/Third_Party/FreeRTOS/Source/tasks.o
 .bss.xPendingReadyList
                0x24000eb8       0x14 ./Middlewares/Third_Party/FreeRTOS/Source/tasks.o
 .bss.xTasksWaitingTermination
                0x24000ecc       0x14 ./Middlewares/Third_Party/FreeRTOS/Source/tasks.o
 .bss.uxDeletedTasksWaitingCleanUp
                0x24000ee0        0x4 ./Middlewares/Third_Party/FreeRTOS/Source/tasks.o
 .bss.xSuspendedTaskList
                0x24000ee4       0x14 ./Middlewares/Third_Party/FreeRTOS/Source/tasks.o
 .bss.uxCurrentNumberOfTasks
                0x24000ef8        0x4 ./Middlewares/Third_Party/FreeRTOS/Source/tasks.o
 .bss.xTickCount
                0x24000efc        0x4 ./Middlewares/Third_Party/FreeRTOS/Source/tasks.o
 .bss.uxTopReadyPriority
                0x24000f00        0x4 ./Middlewares/Third_Party/FreeRTOS/Source/tasks.o
 .bss.xSchedulerRunning
                0x24000f04        0x4 ./Middlewares/Third_Party/FreeRTOS/Source/tasks.o
 .bss.xPendedTicks
                0x24000f08        0x4 ./Middlewares/Third_Party/FreeRTOS/Source/tasks.o
 .bss.xYieldPending
                0x24000f0c        0x4 ./Middlewares/Third_Party/FreeRTOS/Source/tasks.o
 .bss.xNumOfOverflows
                0x24000f10        0x4 ./Middlewares/Third_Party/FreeRTOS/Source/tasks.o
 .bss.uxTaskNumber
                0x24000f14        0x4 ./Middlewares/Third_Party/FreeRTOS/Source/tasks.o
 .bss.xNextTaskUnblockTime
                0x24000f18        0x4 ./Middlewares/Third_Party/FreeRTOS/Source/tasks.o
 .bss.xIdleTaskHandle
                0x24000f1c        0x4 ./Middlewares/Third_Party/FreeRTOS/Source/tasks.o
 .bss.uxSchedulerSuspended
                0x24000f20        0x4 ./Middlewares/Third_Party/FreeRTOS/Source/tasks.o
 .bss.xActiveTimerList1
                0x24000f24       0x14 ./Middlewares/Third_Party/FreeRTOS/Source/timers.o
 .bss.xActiveTimerList2
                0x24000f38       0x14 ./Middlewares/Third_Party/FreeRTOS/Source/timers.o
 .bss.pxCurrentTimerList
                0x24000f4c        0x4 ./Middlewares/Third_Party/FreeRTOS/Source/timers.o
 .bss.pxOverflowTimerList
                0x24000f50        0x4 ./Middlewares/Third_Party/FreeRTOS/Source/timers.o
 .bss.xTimerQueue
                0x24000f54        0x4 ./Middlewares/Third_Party/FreeRTOS/Source/timers.o
 .bss.xTimerTaskHandle
                0x24000f58        0x4 ./Middlewares/Third_Party/FreeRTOS/Source/timers.o
 .bss.xLastTime.2
                0x24000f5c        0x4 ./Middlewares/Third_Party/FreeRTOS/Source/timers.o
 .bss.ucStaticTimerQueueStorage.1
                0x24000f60       0xa0 ./Middlewares/Third_Party/FreeRTOS/Source/timers.o
 .bss.xStaticTimerQueue.0
                0x24001000       0x50 ./Middlewares/Third_Party/FreeRTOS/Source/timers.o
 .bss.ucMaxSysCallPriority
                0x24001050        0x1 ./Middlewares/Third_Party/FreeRTOS/Source/portable/GCC/ARM_CM4F/port.o
 *fill*         0x24001051        0x3 
 .bss.ulMaxPRIGROUPValue
                0x24001054        0x4 ./Middlewares/Third_Party/FreeRTOS/Source/portable/GCC/ARM_CM4F/port.o
 .bss.ucHeap    0x24001058     0x3c00 ./Middlewares/Third_Party/FreeRTOS/Source/portable/MemMang/heap_4.o
 .bss.xStart    0x24004c58        0x8 ./Middlewares/Third_Party/FreeRTOS/Source/portable/MemMang/heap_4.o
 .bss.pxEnd     0x24004c60        0x4 ./Middlewares/Third_Party/FreeRTOS/Source/portable/MemMang/heap_4.o
 .bss.xFreeBytesRemaining
                0x24004c64        0x4 ./Middlewares/Third_Party/FreeRTOS/Source/portable/MemMang/heap_4.o
 .bss.xMinimumEverFreeBytesRemaining
                0x24004c68        0x4 ./Middlewares/Third_Party/FreeRTOS/Source/portable/MemMang/heap_4.o
 .bss.xNumberOfSuccessfulAllocations
                0x24004c6c        0x4 ./Middlewares/Third_Party/FreeRTOS/Source/portable/MemMang/heap_4.o
 .bss.xNumberOfSuccessfulFrees
                0x24004c70        0x4 ./Middlewares/Third_Party/FreeRTOS/Source/portable/MemMang/heap_4.o
 .bss.xBlockAllocatedBit
                0x24004c74        0x4 ./Middlewares/Third_Party/FreeRTOS/Source/portable/MemMang/heap_4.o
 *(COMMON)
                0x24004c78                        . = ALIGN (0x4)
                0x24004c78                        _ebss = .
                0x24004c78                        __bss_end__ = _ebss

._user_heap_stack
                0x24004c78      0x600 load address 0x0800b518
                0x24004c78                        . = ALIGN (0x8)
                [!provide]                        PROVIDE (end = .)
                0x24004c78                        PROVIDE (_end = .)
                0x24004e78                        . = (. + _Min_Heap_Size)
 *fill*         0x24004c78      0x200 
                0x24005278                        . = (. + _Min_Stack_Size)
 *fill*         0x24004e78      0x400 
                0x24005278                        . = ALIGN (0x8)

/DISCARD/
 libc.a(*)
 libm.a(*)
 libgcc.a(*)

.ARM.attributes
                0x00000000       0x2e
 *(.ARM.attributes)
 .ARM.attributes
                0x00000000       0x20 C:/ST/STM32CubeIDE_1.16.0/STM32CubeIDE/plugins/com.st.stm32cube.ide.mcu.externaltools.gnu-tools-for-stm32.12.3.rel1.win32_1.0.200.202406191623/tools/bin/../lib/gcc/arm-none-eabi/12.3.1/thumb/v7e-m+dp/hard/crti.o
 .ARM.attributes
                0x00000020       0x32 C:/ST/STM32CubeIDE_1.16.0/STM32CubeIDE/plugins/com.st.stm32cube.ide.mcu.externaltools.gnu-tools-for-stm32.12.3.rel1.win32_1.0.200.202406191623/tools/bin/../lib/gcc/arm-none-eabi/12.3.1/thumb/v7e-m+dp/hard/crtbegin.o
 .ARM.attributes
                0x00000052       0x32 ./Core/Src/main.o
 .ARM.attributes
                0x00000084       0x32 ./Core/Src/modbus_crc.o
 .ARM.attributes
                0x000000b6       0x32 ./Core/Src/stm32h7xx_hal_msp.o
 .ARM.attributes
                0x000000e8       0x32 ./Core/Src/stm32h7xx_hal_timebase_tim.o
 .ARM.attributes
                0x0000011a       0x32 ./Core/Src/stm32h7xx_it.o
 .ARM.attributes
                0x0000014c       0x32 ./Core/Src/system_stm32h7xx.o
 .ARM.attributes
                0x0000017e       0x21 ./Core/Startup/startup_stm32h743zitx.o
 .ARM.attributes
                0x0000019f       0x32 ./Drivers/STM32H7xx_HAL_Driver/Src/stm32h7xx_hal.o
 .ARM.attributes
                0x000001d1       0x32 ./Drivers/STM32H7xx_HAL_Driver/Src/stm32h7xx_hal_cortex.o
 .ARM.attributes
                0x00000203       0x32 ./Drivers/STM32H7xx_HAL_Driver/Src/stm32h7xx_hal_dma.o
 .ARM.attributes
                0x00000235       0x32 ./Drivers/STM32H7xx_HAL_Driver/Src/stm32h7xx_hal_gpio.o
 .ARM.attributes
                0x00000267       0x32 ./Drivers/STM32H7xx_HAL_Driver/Src/stm32h7xx_hal_pwr_ex.o
 .ARM.attributes
                0x00000299       0x32 ./Drivers/STM32H7xx_HAL_Driver/Src/stm32h7xx_hal_rcc.o
 .ARM.attributes
                0x000002cb       0x32 ./Drivers/STM32H7xx_HAL_Driver/Src/stm32h7xx_hal_rcc_ex.o
 .ARM.attributes
                0x000002fd       0x32 ./Drivers/STM32H7xx_HAL_Driver/Src/stm32h7xx_hal_tim.o
 .ARM.attributes
                0x0000032f       0x32 ./Drivers/STM32H7xx_HAL_Driver/Src/stm32h7xx_hal_tim_ex.o
 .ARM.attributes
                0x00000361       0x32 ./Drivers/STM32H7xx_HAL_Driver/Src/stm32h7xx_hal_uart.o
 .ARM.attributes
                0x00000393       0x32 ./Drivers/STM32H7xx_HAL_Driver/Src/stm32h7xx_hal_uart_ex.o
 .ARM.attributes
                0x000003c5       0x32 ./Middlewares/Third_Party/FreeRTOS/Source/CMSIS_RTOS_V2/cmsis_os2.o
 .ARM.attributes
                0x000003f7       0x32 ./Middlewares/Third_Party/FreeRTOS/Source/list.o
 .ARM.attributes
                0x00000429       0x32 ./Middlewares/Third_Party/FreeRTOS/Source/queue.o
 .ARM.attributes
                0x0000045b       0x32 ./Middlewares/Third_Party/FreeRTOS/Source/tasks.o
 .ARM.attributes
                0x0000048d       0x32 ./Middlewares/Third_Party/FreeRTOS/Source/timers.o
 .ARM.attributes
                0x000004bf       0x32 ./Middlewares/Third_Party/FreeRTOS/Source/portable/GCC/ARM_CM4F/port.o
 .ARM.attributes
                0x000004f1       0x32 ./Middlewares/Third_Party/FreeRTOS/Source/portable/MemMang/heap_4.o
 .ARM.attributes
                0x00000523       0x32 C:/ST/STM32CubeIDE_1.16.0/STM32CubeIDE/plugins/com.st.stm32cube.ide.mcu.externaltools.gnu-tools-for-stm32.12.3.rel1.win32_1.0.200.202406191623/tools/bin/../lib/gcc/arm-none-eabi/12.3.1/../../../../arm-none-eabi/lib/thumb/v7e-m+dp/hard\libc_nano.a(libc_a-memset.o)
 .ARM.attributes
                0x00000555       0x32 C:/ST/STM32CubeIDE_1.16.0/STM32CubeIDE/plugins/com.st.stm32cube.ide.mcu.externaltools.gnu-tools-for-stm32.12.3.rel1.win32_1.0.200.202406191623/tools/bin/../lib/gcc/arm-none-eabi/12.3.1/../../../../arm-none-eabi/lib/thumb/v7e-m+dp/hard\libc_nano.a(libc_a-init.o)
 .ARM.attributes
                0x00000587       0x32 C:/ST/STM32CubeIDE_1.16.0/STM32CubeIDE/plugins/com.st.stm32cube.ide.mcu.externaltools.gnu-tools-for-stm32.12.3.rel1.win32_1.0.200.202406191623/tools/bin/../lib/gcc/arm-none-eabi/12.3.1/../../../../arm-none-eabi/lib/thumb/v7e-m+dp/hard\libc_nano.a(libc_a-memcpy-stub.o)
 .ARM.attributes
                0x000005b9       0x20 C:/ST/STM32CubeIDE_1.16.0/STM32CubeIDE/plugins/com.st.stm32cube.ide.mcu.externaltools.gnu-tools-for-stm32.12.3.rel1.win32_1.0.200.202406191623/tools/bin/../lib/gcc/arm-none-eabi/12.3.1/thumb/v7e-m+dp/hard\libgcc.a(_aeabi_uldivmod.o)
 .ARM.attributes
                0x000005d9       0x32 C:/ST/STM32CubeIDE_1.16.0/STM32CubeIDE/plugins/com.st.stm32cube.ide.mcu.externaltools.gnu-tools-for-stm32.12.3.rel1.win32_1.0.200.202406191623/tools/bin/../lib/gcc/arm-none-eabi/12.3.1/thumb/v7e-m+dp/hard\libgcc.a(_udivmoddi4.o)
 .ARM.attributes
                0x0000060b       0x20 C:/ST/STM32CubeIDE_1.16.0/STM32CubeIDE/plugins/com.st.stm32cube.ide.mcu.externaltools.gnu-tools-for-stm32.12.3.rel1.win32_1.0.200.202406191623/tools/bin/../lib/gcc/arm-none-eabi/12.3.1/thumb/v7e-m+dp/hard\libgcc.a(_dvmd_tls.o)
 .ARM.attributes
                0x0000062b       0x20 C:/ST/STM32CubeIDE_1.16.0/STM32CubeIDE/plugins/com.st.stm32cube.ide.mcu.externaltools.gnu-tools-for-stm32.12.3.rel1.win32_1.0.200.202406191623/tools/bin/../lib/gcc/arm-none-eabi/12.3.1/thumb/v7e-m+dp/hard/crtn.o
OUTPUT(final_rtos_modbus_multitask.elf elf32-littlearm)
LOAD linker stubs
LOAD C:/ST/STM32CubeIDE_1.16.0/STM32CubeIDE/plugins/com.st.stm32cube.ide.mcu.externaltools.gnu-tools-for-stm32.12.3.rel1.win32_1.0.200.202406191623/tools/bin/../lib/gcc/arm-none-eabi/12.3.1/../../../../arm-none-eabi/lib/thumb/v7e-m+dp/hard\libc.a
LOAD C:/ST/STM32CubeIDE_1.16.0/STM32CubeIDE/plugins/com.st.stm32cube.ide.mcu.externaltools.gnu-tools-for-stm32.12.3.rel1.win32_1.0.200.202406191623/tools/bin/../lib/gcc/arm-none-eabi/12.3.1/../../../../arm-none-eabi/lib/thumb/v7e-m+dp/hard\libm.a
LOAD C:/ST/STM32CubeIDE_1.16.0/STM32CubeIDE/plugins/com.st.stm32cube.ide.mcu.externaltools.gnu-tools-for-stm32.12.3.rel1.win32_1.0.200.202406191623/tools/bin/../lib/gcc/arm-none-eabi/12.3.1/thumb/v7e-m+dp/hard\libgcc.a

.debug_info     0x00000000    0x23de5
 .debug_info    0x00000000     0x3517 ./Core/Src/main.o
 .debug_info    0x00003517     0x220c ./Core/Src/modbus_crc.o
 .debug_info    0x00005723     0x142f ./Core/Src/stm32h7xx_hal_msp.o
 .debug_info    0x00006b52     0x109a ./Core/Src/stm32h7xx_hal_timebase_tim.o
 .debug_info    0x00007bec      0xbc7 ./Core/Src/stm32h7xx_it.o
 .debug_info    0x000087b3      0xcef ./Core/Src/system_stm32h7xx.o
 .debug_info    0x000094a2       0x30 ./Core/Startup/startup_stm32h743zitx.o
 .debug_info    0x000094d2     0x153b ./Drivers/STM32H7xx_HAL_Driver/Src/stm32h7xx_hal.o
 .debug_info    0x0000aa0d     0x10ac ./Drivers/STM32H7xx_HAL_Driver/Src/stm32h7xx_hal_cortex.o
 .debug_info    0x0000bab9      0xc27 ./Drivers/STM32H7xx_HAL_Driver/Src/stm32h7xx_hal_dma.o
 .debug_info    0x0000c6e0      0xc4b ./Drivers/STM32H7xx_HAL_Driver/Src/stm32h7xx_hal_gpio.o
 .debug_info    0x0000d32b     0x1008 ./Drivers/STM32H7xx_HAL_Driver/Src/stm32h7xx_hal_pwr_ex.o
 .debug_info    0x0000e333      0xe5b ./Drivers/STM32H7xx_HAL_Driver/Src/stm32h7xx_hal_rcc.o
 .debug_info    0x0000f18e     0x1216 ./Drivers/STM32H7xx_HAL_Driver/Src/stm32h7xx_hal_rcc_ex.o
 .debug_info    0x000103a4     0x2bae ./Drivers/STM32H7xx_HAL_Driver/Src/stm32h7xx_hal_tim.o
 .debug_info    0x00012f52     0x17eb ./Drivers/STM32H7xx_HAL_Driver/Src/stm32h7xx_hal_tim_ex.o
 .debug_info    0x0001473d     0x4b13 ./Drivers/STM32H7xx_HAL_Driver/Src/stm32h7xx_hal_uart.o
 .debug_info    0x00019250      0xfbf ./Drivers/STM32H7xx_HAL_Driver/Src/stm32h7xx_hal_uart_ex.o
 .debug_info    0x0001a20f     0x3d87 ./Middlewares/Third_Party/FreeRTOS/Source/CMSIS_RTOS_V2/cmsis_os2.o
 .debug_info    0x0001df96      0x2af ./Middlewares/Third_Party/FreeRTOS/Source/list.o
 .debug_info    0x0001e245     0x1b79 ./Middlewares/Third_Party/FreeRTOS/Source/queue.o
 .debug_info    0x0001fdbe     0x21ec ./Middlewares/Third_Party/FreeRTOS/Source/tasks.o
 .debug_info    0x00021faa     0x1488 ./Middlewares/Third_Party/FreeRTOS/Source/timers.o
 .debug_info    0x00023432      0x4de ./Middlewares/Third_Party/FreeRTOS/Source/portable/GCC/ARM_CM4F/port.o
 .debug_info    0x00023910      0x4d5 ./Middlewares/Third_Party/FreeRTOS/Source/portable/MemMang/heap_4.o

.debug_abbrev   0x00000000     0x413c
 .debug_abbrev  0x00000000      0x490 ./Core/Src/main.o
 .debug_abbrev  0x00000490      0x387 ./Core/Src/modbus_crc.o
 .debug_abbrev  0x00000817      0x20c ./Core/Src/stm32h7xx_hal_msp.o
 .debug_abbrev  0x00000a23      0x212 ./Core/Src/stm32h7xx_hal_timebase_tim.o
 .debug_abbrev  0x00000c35      0x187 ./Core/Src/stm32h7xx_it.o
 .debug_abbrev  0x00000dbc      0x14c ./Core/Src/system_stm32h7xx.o
 .debug_abbrev  0x00000f08       0x24 ./Core/Startup/startup_stm32h743zitx.o
 .debug_abbrev  0x00000f2c      0x295 ./Drivers/STM32H7xx_HAL_Driver/Src/stm32h7xx_hal.o
 .debug_abbrev  0x000011c1      0x339 ./Drivers/STM32H7xx_HAL_Driver/Src/stm32h7xx_hal_cortex.o
 .debug_abbrev  0x000014fa      0x248 ./Drivers/STM32H7xx_HAL_Driver/Src/stm32h7xx_hal_dma.o
 .debug_abbrev  0x00001742      0x1fe ./Drivers/STM32H7xx_HAL_Driver/Src/stm32h7xx_hal_gpio.o
 .debug_abbrev  0x00001940      0x2a7 ./Drivers/STM32H7xx_HAL_Driver/Src/stm32h7xx_hal_pwr_ex.o
 .debug_abbrev  0x00001be7      0x2c8 ./Drivers/STM32H7xx_HAL_Driver/Src/stm32h7xx_hal_rcc.o
 .debug_abbrev  0x00001eaf      0x269 ./Drivers/STM32H7xx_HAL_Driver/Src/stm32h7xx_hal_rcc_ex.o
 .debug_abbrev  0x00002118      0x276 ./Drivers/STM32H7xx_HAL_Driver/Src/stm32h7xx_hal_tim.o
 .debug_abbrev  0x0000238e      0x281 ./Drivers/STM32H7xx_HAL_Driver/Src/stm32h7xx_hal_tim_ex.o
 .debug_abbrev  0x0000260f      0x33d ./Drivers/STM32H7xx_HAL_Driver/Src/stm32h7xx_hal_uart.o
 .debug_abbrev  0x0000294c      0x2d2 ./Drivers/STM32H7xx_HAL_Driver/Src/stm32h7xx_hal_uart_ex.o
 .debug_abbrev  0x00002c1e      0x522 ./Middlewares/Third_Party/FreeRTOS/Source/CMSIS_RTOS_V2/cmsis_os2.o
 .debug_abbrev  0x00003140       0xf5 ./Middlewares/Third_Party/FreeRTOS/Source/list.o
 .debug_abbrev  0x00003235      0x3b6 ./Middlewares/Third_Party/FreeRTOS/Source/queue.o
 .debug_abbrev  0x000035eb      0x386 ./Middlewares/Third_Party/FreeRTOS/Source/tasks.o
 .debug_abbrev  0x00003971      0x352 ./Middlewares/Third_Party/FreeRTOS/Source/timers.o
 .debug_abbrev  0x00003cc3      0x25c ./Middlewares/Third_Party/FreeRTOS/Source/portable/GCC/ARM_CM4F/port.o
 .debug_abbrev  0x00003f1f      0x21d ./Middlewares/Third_Party/FreeRTOS/Source/portable/MemMang/heap_4.o

.debug_aranges  0x00000000     0x1900
 .debug_aranges
                0x00000000       0x70 ./Core/Src/main.o
 .debug_aranges
                0x00000070       0x80 ./Core/Src/modbus_crc.o
 .debug_aranges
                0x000000f0       0x30 ./Core/Src/stm32h7xx_hal_msp.o
 .debug_aranges
                0x00000120       0x30 ./Core/Src/stm32h7xx_hal_timebase_tim.o
 .debug_aranges
                0x00000150       0x58 ./Core/Src/stm32h7xx_it.o
 .debug_aranges
                0x000001a8       0x28 ./Core/Src/system_stm32h7xx.o
 .debug_aranges
                0x000001d0       0x28 ./Core/Startup/startup_stm32h743zitx.o
 .debug_aranges
                0x000001f8      0x198 ./Drivers/STM32H7xx_HAL_Driver/Src/stm32h7xx_hal.o
 .debug_aranges
                0x00000390      0x130 ./Drivers/STM32H7xx_HAL_Driver/Src/stm32h7xx_hal_cortex.o
 .debug_aranges
                0x000004c0       0xa0 ./Drivers/STM32H7xx_HAL_Driver/Src/stm32h7xx_hal_dma.o
 .debug_aranges
                0x00000560       0x58 ./Drivers/STM32H7xx_HAL_Driver/Src/stm32h7xx_hal_gpio.o
 .debug_aranges
                0x000005b8      0x158 ./Drivers/STM32H7xx_HAL_Driver/Src/stm32h7xx_hal_pwr_ex.o
 .debug_aranges
                0x00000710       0x88 ./Drivers/STM32H7xx_HAL_Driver/Src/stm32h7xx_hal_rcc.o
 .debug_aranges
                0x00000798       0xf8 ./Drivers/STM32H7xx_HAL_Driver/Src/stm32h7xx_hal_rcc_ex.o
 .debug_aranges
                0x00000890      0x3e0 ./Drivers/STM32H7xx_HAL_Driver/Src/stm32h7xx_hal_tim.o
 .debug_aranges
                0x00000c70      0x188 ./Drivers/STM32H7xx_HAL_Driver/Src/stm32h7xx_hal_tim_ex.o
 .debug_aranges
                0x00000df8      0x248 ./Drivers/STM32H7xx_HAL_Driver/Src/stm32h7xx_hal_uart.o
 .debug_aranges
                0x00001040       0xa8 ./Drivers/STM32H7xx_HAL_Driver/Src/stm32h7xx_hal_uart_ex.o
 .debug_aranges
                0x000010e8      0x2b0 ./Middlewares/Third_Party/FreeRTOS/Source/CMSIS_RTOS_V2/cmsis_os2.o
 .debug_aranges
                0x00001398       0x40 ./Middlewares/Third_Party/FreeRTOS/Source/list.o
 .debug_aranges
                0x000013d8      0x158 ./Middlewares/Third_Party/FreeRTOS/Source/queue.o
 .debug_aranges
                0x00001530      0x208 ./Middlewares/Third_Party/FreeRTOS/Source/tasks.o
 .debug_aranges
                0x00001738       0xf0 ./Middlewares/Third_Party/FreeRTOS/Source/timers.o
 .debug_aranges
                0x00001828       0x80 ./Middlewares/Third_Party/FreeRTOS/Source/portable/GCC/ARM_CM4F/port.o
 .debug_aranges
                0x000018a8       0x58 ./Middlewares/Third_Party/FreeRTOS/Source/portable/MemMang/heap_4.o

.debug_rnglists
                0x00000000     0x137d
 .debug_rnglists
                0x00000000       0x55 ./Core/Src/main.o
 .debug_rnglists
                0x00000055       0x5d ./Core/Src/modbus_crc.o
 .debug_rnglists
                0x000000b2       0x20 ./Core/Src/stm32h7xx_hal_msp.o
 .debug_rnglists
                0x000000d2       0x20 ./Core/Src/stm32h7xx_hal_timebase_tim.o
 .debug_rnglists
                0x000000f2       0x3d ./Core/Src/stm32h7xx_it.o
 .debug_rnglists
                0x0000012f       0x1b ./Core/Src/system_stm32h7xx.o
 .debug_rnglists
                0x0000014a       0x19 ./Core/Startup/startup_stm32h743zitx.o
 .debug_rnglists
                0x00000163      0x131 ./Drivers/STM32H7xx_HAL_Driver/Src/stm32h7xx_hal.o
 .debug_rnglists
                0x00000294       0xe0 ./Drivers/STM32H7xx_HAL_Driver/Src/stm32h7xx_hal_cortex.o
 .debug_rnglists
                0x00000374       0x82 ./Drivers/STM32H7xx_HAL_Driver/Src/stm32h7xx_hal_dma.o
 .debug_rnglists
                0x000003f6       0x3f ./Drivers/STM32H7xx_HAL_Driver/Src/stm32h7xx_hal_gpio.o
 .debug_rnglists
                0x00000435      0x103 ./Drivers/STM32H7xx_HAL_Driver/Src/stm32h7xx_hal_pwr_ex.o
 .debug_rnglists
                0x00000538       0x68 ./Drivers/STM32H7xx_HAL_Driver/Src/stm32h7xx_hal_rcc.o
 .debug_rnglists
                0x000005a0       0xc0 ./Drivers/STM32H7xx_HAL_Driver/Src/stm32h7xx_hal_rcc_ex.o
 .debug_rnglists
                0x00000660      0x328 ./Drivers/STM32H7xx_HAL_Driver/Src/stm32h7xx_hal_tim.o
 .debug_rnglists
                0x00000988      0x13f ./Drivers/STM32H7xx_HAL_Driver/Src/stm32h7xx_hal_tim_ex.o
 .debug_rnglists
                0x00000ac7      0x1fa ./Drivers/STM32H7xx_HAL_Driver/Src/stm32h7xx_hal_uart.o
 .debug_rnglists
                0x00000cc1       0x7f ./Drivers/STM32H7xx_HAL_Driver/Src/stm32h7xx_hal_uart_ex.o
 .debug_rnglists
                0x00000d40      0x212 ./Middlewares/Third_Party/FreeRTOS/Source/CMSIS_RTOS_V2/cmsis_os2.o
 .debug_rnglists
                0x00000f52       0x2b ./Middlewares/Third_Party/FreeRTOS/Source/list.o
 .debug_rnglists
                0x00000f7d      0x109 ./Middlewares/Third_Party/FreeRTOS/Source/queue.o
 .debug_rnglists
                0x00001086      0x1a0 ./Middlewares/Third_Party/FreeRTOS/Source/tasks.o
 .debug_rnglists
                0x00001226       0xb8 ./Middlewares/Third_Party/FreeRTOS/Source/timers.o
 .debug_rnglists
                0x000012de       0x5d ./Middlewares/Third_Party/FreeRTOS/Source/portable/GCC/ARM_CM4F/port.o
 .debug_rnglists
                0x0000133b       0x42 ./Middlewares/Third_Party/FreeRTOS/Source/portable/MemMang/heap_4.o

.debug_macro    0x00000000     0x77e9
 .debug_macro   0x00000000      0x3a3 ./Core/Src/main.o
 .debug_macro   0x000003a3      0xba4 ./Core/Src/main.o
 .debug_macro   0x00000f47       0x5b ./Core/Src/main.o
 .debug_macro   0x00000fa2       0x94 ./Core/Src/main.o
 .debug_macro   0x00001036       0x34 ./Core/Src/main.o
 .debug_macro   0x0000106a       0x16 ./Core/Src/main.o
 .debug_macro   0x00001080       0x57 ./Core/Src/main.o
 .debug_macro   0x000010d7       0x9e ./Core/Src/main.o
 .debug_macro   0x00001175      0x38c ./Core/Src/main.o
 .debug_macro   0x00001501      0x112 ./Core/Src/main.o
 .debug_macro   0x00001613       0x10 ./Core/Src/main.o
 .debug_macro   0x00001623       0x43 ./Core/Src/main.o
 .debug_macro   0x00001666       0x16 ./Core/Src/main.o
 .debug_macro   0x0000167c       0x16 ./Core/Src/main.o
 .debug_macro   0x00001692       0x16 ./Core/Src/main.o
 .debug_macro   0x000016a8      0x138 ./Core/Src/main.o
 .debug_macro   0x000017e0       0x1c ./Core/Src/main.o
 .debug_macro   0x000017fc     0x1305 ./Core/Src/main.o
 .debug_macro   0x00002b01      0x1d6 ./Core/Src/main.o
 .debug_macro   0x00002cd7       0x10 ./Core/Src/main.o
 .debug_macro   0x00002ce7      0x417 ./Core/Src/main.o
 .debug_macro   0x000030fe       0x18 ./Core/Src/main.o
 .debug_macro   0x00003116      0x194 ./Core/Src/main.o
 .debug_macro   0x000032aa       0x10 ./Core/Src/main.o
 .debug_macro   0x000032ba       0x16 ./Core/Src/main.o
 .debug_macro   0x000032d0       0x35 ./Core/Src/main.o
 .debug_macro   0x00003305       0x16 ./Core/Src/main.o
 .debug_macro   0x0000331b       0x29 ./Core/Src/main.o
 .debug_macro   0x00003344       0x10 ./Core/Src/main.o
 .debug_macro   0x00003354      0x3c7 ./Core/Src/main.o
 .debug_macro   0x0000371b       0x74 ./Core/Src/main.o
 .debug_macro   0x0000378f       0x10 ./Core/Src/main.o
 .debug_macro   0x0000379f      0x396 ./Core/Src/modbus_crc.o
 .debug_macro   0x00003b35      0x2b1 ./Core/Src/stm32h7xx_hal_msp.o
 .debug_macro   0x00003de6      0x2a7 ./Core/Src/stm32h7xx_hal_timebase_tim.o
 .debug_macro   0x0000408d      0x2bb ./Core/Src/stm32h7xx_it.o
 .debug_macro   0x00004348      0x2a7 ./Core/Src/system_stm32h7xx.o
 .debug_macro   0x000045ef      0x2d1 ./Drivers/STM32H7xx_HAL_Driver/Src/stm32h7xx_hal.o
 .debug_macro   0x000048c0      0x2a7 ./Drivers/STM32H7xx_HAL_Driver/Src/stm32h7xx_hal_cortex.o
 .debug_macro   0x00004b67      0x2fb ./Drivers/STM32H7xx_HAL_Driver/Src/stm32h7xx_hal_dma.o
 .debug_macro   0x00004e62      0x2ae ./Drivers/STM32H7xx_HAL_Driver/Src/stm32h7xx_hal_gpio.o
 .debug_macro   0x00005110      0x2e0 ./Drivers/STM32H7xx_HAL_Driver/Src/stm32h7xx_hal_pwr_ex.o
 .debug_macro   0x000053f0      0x2cb ./Drivers/STM32H7xx_HAL_Driver/Src/stm32h7xx_hal_rcc.o
 .debug_macro   0x000056bb      0x2c5 ./Drivers/STM32H7xx_HAL_Driver/Src/stm32h7xx_hal_rcc_ex.o
 .debug_macro   0x00005980      0x2a8 ./Drivers/STM32H7xx_HAL_Driver/Src/stm32h7xx_hal_tim.o
 .debug_macro   0x00005c28      0x2a7 ./Drivers/STM32H7xx_HAL_Driver/Src/stm32h7xx_hal_tim_ex.o
 .debug_macro   0x00005ecf      0x2d2 ./Drivers/STM32H7xx_HAL_Driver/Src/stm32h7xx_hal_uart.o
 .debug_macro   0x000061a1      0x2b3 ./Drivers/STM32H7xx_HAL_Driver/Src/stm32h7xx_hal_uart_ex.o
 .debug_macro   0x00006454      0x406 ./Middlewares/Third_Party/FreeRTOS/Source/CMSIS_RTOS_V2/cmsis_os2.o
 .debug_macro   0x0000685a       0x10 ./Middlewares/Third_Party/FreeRTOS/Source/CMSIS_RTOS_V2/cmsis_os2.o
 .debug_macro   0x0000686a       0x20 ./Middlewares/Third_Party/FreeRTOS/Source/CMSIS_RTOS_V2/cmsis_os2.o
 .debug_macro   0x0000688a       0x10 ./Middlewares/Third_Party/FreeRTOS/Source/CMSIS_RTOS_V2/cmsis_os2.o
 .debug_macro   0x0000689a       0xf5 ./Middlewares/Third_Party/FreeRTOS/Source/CMSIS_RTOS_V2/cmsis_os2.o
 .debug_macro   0x0000698f       0x91 ./Middlewares/Third_Party/FreeRTOS/Source/CMSIS_RTOS_V2/cmsis_os2.o
 .debug_macro   0x00006a20       0x8d ./Middlewares/Third_Party/FreeRTOS/Source/CMSIS_RTOS_V2/cmsis_os2.o
 .debug_macro   0x00006aad       0x9a ./Middlewares/Third_Party/FreeRTOS/Source/CMSIS_RTOS_V2/cmsis_os2.o
 .debug_macro   0x00006b47       0x22 ./Middlewares/Third_Party/FreeRTOS/Source/CMSIS_RTOS_V2/cmsis_os2.o
 .debug_macro   0x00006b69      0x187 ./Middlewares/Third_Party/FreeRTOS/Source/list.o
 .debug_macro   0x00006cf0      0x216 ./Middlewares/Third_Party/FreeRTOS/Source/queue.o
 .debug_macro   0x00006f06       0x16 ./Middlewares/Third_Party/FreeRTOS/Source/queue.o
 .debug_macro   0x00006f1c       0x87 ./Middlewares/Third_Party/FreeRTOS/Source/queue.o
 .debug_macro   0x00006fa3      0x27f ./Middlewares/Third_Party/FreeRTOS/Source/tasks.o
 .debug_macro   0x00007222       0x10 ./Middlewares/Third_Party/FreeRTOS/Source/tasks.o
 .debug_macro   0x00007232      0x1dc ./Middlewares/Third_Party/FreeRTOS/Source/timers.o
 .debug_macro   0x0000740e       0x97 ./Middlewares/Third_Party/FreeRTOS/Source/timers.o
 .debug_macro   0x000074a5      0x196 ./Middlewares/Third_Party/FreeRTOS/Source/portable/GCC/ARM_CM4F/port.o
 .debug_macro   0x0000763b      0x1ae ./Middlewares/Third_Party/FreeRTOS/Source/portable/MemMang/heap_4.o

.debug_line     0x00000000    0x20c4f
 .debug_line    0x00000000     0x1168 ./Core/Src/main.o
 .debug_line    0x00001168     0x1150 ./Core/Src/modbus_crc.o
 .debug_line    0x000022b8      0x949 ./Core/Src/stm32h7xx_hal_msp.o
 .debug_line    0x00002c01      0x94a ./Core/Src/stm32h7xx_hal_timebase_tim.o
 .debug_line    0x0000354b      0x999 ./Core/Src/stm32h7xx_it.o
 .debug_line    0x00003ee4      0xaa0 ./Core/Src/system_stm32h7xx.o
 .debug_line    0x00004984       0x7a ./Core/Startup/startup_stm32h743zitx.o
 .debug_line    0x000049fe      0xe95 ./Drivers/STM32H7xx_HAL_Driver/Src/stm32h7xx_hal.o
 .debug_line    0x00005893      0xec4 ./Drivers/STM32H7xx_HAL_Driver/Src/stm32h7xx_hal_cortex.o
 .debug_line    0x00006757     0x27f8 ./Drivers/STM32H7xx_HAL_Driver/Src/stm32h7xx_hal_dma.o
 .debug_line    0x00008f4f      0xd6d ./Drivers/STM32H7xx_HAL_Driver/Src/stm32h7xx_hal_gpio.o
 .debug_line    0x00009cbc      0xfb8 ./Drivers/STM32H7xx_HAL_Driver/Src/stm32h7xx_hal_pwr_ex.o
 .debug_line    0x0000ac74     0x1465 ./Drivers/STM32H7xx_HAL_Driver/Src/stm32h7xx_hal_rcc.o
 .debug_line    0x0000c0d9     0x1d7d ./Drivers/STM32H7xx_HAL_Driver/Src/stm32h7xx_hal_rcc_ex.o
 .debug_line    0x0000de56     0x402b ./Drivers/STM32H7xx_HAL_Driver/Src/stm32h7xx_hal_tim.o
 .debug_line    0x00011e81     0x1e35 ./Drivers/STM32H7xx_HAL_Driver/Src/stm32h7xx_hal_tim_ex.o
 .debug_line    0x00013cb6     0x3f23 ./Drivers/STM32H7xx_HAL_Driver/Src/stm32h7xx_hal_uart.o
 .debug_line    0x00017bd9      0xf33 ./Drivers/STM32H7xx_HAL_Driver/Src/stm32h7xx_hal_uart_ex.o
 .debug_line    0x00018b0c     0x2403 ./Middlewares/Third_Party/FreeRTOS/Source/CMSIS_RTOS_V2/cmsis_os2.o
 .debug_line    0x0001af0f      0x796 ./Middlewares/Third_Party/FreeRTOS/Source/list.o
 .debug_line    0x0001b6a5     0x1760 ./Middlewares/Third_Party/FreeRTOS/Source/queue.o
 .debug_line    0x0001ce05     0x1e32 ./Middlewares/Third_Party/FreeRTOS/Source/tasks.o
 .debug_line    0x0001ec37      0xe1e ./Middlewares/Third_Party/FreeRTOS/Source/timers.o
 .debug_line    0x0001fa55      0x839 ./Middlewares/Third_Party/FreeRTOS/Source/portable/GCC/ARM_CM4F/port.o
 .debug_line    0x0002028e      0x9c1 ./Middlewares/Third_Party/FreeRTOS/Source/portable/MemMang/heap_4.o

.debug_str      0x00000000   0x16fac0
 .debug_str     0x00000000   0x160b03 ./Core/Src/main.o
                             0x161454 (size before relaxing)
 .debug_str     0x00160b03      0x11f ./Core/Src/modbus_crc.o
                             0x1600f2 (size before relaxing)
 .debug_str     0x00160c22      0xe6b ./Core/Src/stm32h7xx_hal_msp.o
                             0x15d658 (size before relaxing)
 .debug_str     0x00161a8d       0xf7 ./Core/Src/stm32h7xx_hal_timebase_tim.o
                             0x15d3ea (size before relaxing)
 .debug_str     0x00161b84       0xca ./Core/Src/stm32h7xx_it.o
                             0x15cb4f (size before relaxing)
 .debug_str     0x00161c4e      0x33c ./Core/Src/system_stm32h7xx.o
                             0x15c71f (size before relaxing)
 .debug_str     0x00161f8a       0x44 ./Core/Startup/startup_stm32h743zitx.o
                                 0x99 (size before relaxing)
 .debug_str     0x00161fce      0x747 ./Drivers/STM32H7xx_HAL_Driver/Src/stm32h7xx_hal.o
                             0x15d635 (size before relaxing)
 .debug_str     0x00162715      0x2b0 ./Drivers/STM32H7xx_HAL_Driver/Src/stm32h7xx_hal_cortex.o
                             0x15d070 (size before relaxing)
 .debug_str     0x001629c5      0x896 ./Drivers/STM32H7xx_HAL_Driver/Src/stm32h7xx_hal_dma.o
                             0x15ce59 (size before relaxing)
 .debug_str     0x0016325b       0xdb ./Drivers/STM32H7xx_HAL_Driver/Src/stm32h7xx_hal_gpio.o
                             0x15c6d6 (size before relaxing)
 .debug_str     0x00163336      0x642 ./Drivers/STM32H7xx_HAL_Driver/Src/stm32h7xx_hal_pwr_ex.o
                             0x15cb97 (size before relaxing)
 .debug_str     0x00163978      0x1f8 ./Drivers/STM32H7xx_HAL_Driver/Src/stm32h7xx_hal_rcc.o
                             0x15caba (size before relaxing)
 .debug_str     0x00163b70      0x64b ./Drivers/STM32H7xx_HAL_Driver/Src/stm32h7xx_hal_rcc_ex.o
                             0x15cf9b (size before relaxing)
 .debug_str     0x001641bb      0xe72 ./Drivers/STM32H7xx_HAL_Driver/Src/stm32h7xx_hal_tim.o
                             0x15d859 (size before relaxing)
 .debug_str     0x0016502d      0x615 ./Drivers/STM32H7xx_HAL_Driver/Src/stm32h7xx_hal_tim_ex.o
                             0x15d181 (size before relaxing)
 .debug_str     0x00165642      0x9a8 ./Drivers/STM32H7xx_HAL_Driver/Src/stm32h7xx_hal_uart.o
                             0x15d5fb (size before relaxing)
 .debug_str     0x00165fea      0x24a ./Drivers/STM32H7xx_HAL_Driver/Src/stm32h7xx_hal_uart_ex.o
                             0x15cbbb (size before relaxing)
 .debug_str     0x00166234     0x6e14 ./Middlewares/Third_Party/FreeRTOS/Source/CMSIS_RTOS_V2/cmsis_os2.o
                             0x1642be (size before relaxing)
 .debug_str     0x0016d048      0x12d ./Middlewares/Third_Party/FreeRTOS/Source/list.o
                               0xab49 (size before relaxing)
 .debug_str     0x0016d175      0x892 ./Middlewares/Third_Party/FreeRTOS/Source/queue.o
                               0xc689 (size before relaxing)
 .debug_str     0x0016da07     0x1063 ./Middlewares/Third_Party/FreeRTOS/Source/tasks.o
                               0xd146 (size before relaxing)
 .debug_str     0x0016ea6a      0x5af ./Middlewares/Third_Party/FreeRTOS/Source/timers.o
                               0xcbbb (size before relaxing)
 .debug_str     0x0016f019      0x783 ./Middlewares/Third_Party/FreeRTOS/Source/portable/GCC/ARM_CM4F/port.o
                               0x8792 (size before relaxing)
 .debug_str     0x0016f79c      0x324 ./Middlewares/Third_Party/FreeRTOS/Source/portable/MemMang/heap_4.o
                               0xb48b (size before relaxing)

.comment        0x00000000       0x43
 .comment       0x00000000       0x43 ./Core/Src/main.o
                                 0x44 (size before relaxing)
 .comment       0x00000043       0x44 ./Core/Src/modbus_crc.o
 .comment       0x00000043       0x44 ./Core/Src/stm32h7xx_hal_msp.o
 .comment       0x00000043       0x44 ./Core/Src/stm32h7xx_hal_timebase_tim.o
 .comment       0x00000043       0x44 ./Core/Src/stm32h7xx_it.o
 .comment       0x00000043       0x44 ./Core/Src/system_stm32h7xx.o
 .comment       0x00000043       0x44 ./Drivers/STM32H7xx_HAL_Driver/Src/stm32h7xx_hal.o